<html>
<body>
<pre>
<h1>µVision Build Log</h1>
<h2>Tool Versions:</h2>
IDE-Version: ¦ÌVision V5.38.0.0
Copyright (C) 2022 ARM Ltd and ARM Germany GmbH. All rights reserved.
License Information:  ,  , LIC=ZB4EI-TDVVT-12DLE-52DGR-IJFCB-IV6E8
 
Tool Versions:
Toolchain:       MDK-ARM Plus  Version: 5.38.0.0
Toolchain Path:  D:\Keil_v5\ARM\ARMCC\Bin
C Compiler:      Armcc.exe V5.06 update 7 (build 960)
Assembler:       Armasm.exe V5.06 update 7 (build 960)
Linker/Locator:  ArmLink.exe V5.06 update 7 (build 960)
Library Manager: ArmAr.exe V5.06 update 7 (build 960)
Hex Converter:   FromElf.exe V5.06 update 7 (build 960)
CPU DLL:         SARMCM3.DLL V5.38.0.0
Dialog DLL:      DARMCM1.DLL V1.19.6.0
Target DLL:      Segger\JL2CM3.dll V2.99.42.0
Dialog DLL:      TARMCM1.DLL V1.14.6.0
 
<h2>Project:</h2>
E:\Project\CO-0313-KD-001-A\Keil\KD001-0111\KD001.uvprojx
Project File Date:  01/09/2024

<h2>Output:</h2>
*** Using Compiler 'V5.06 update 7 (build 960)', folder: 'D:\Keil_v5\ARM\ARMCC\Bin'
Rebuild target 'KD001'
assembling startup_fm33lf0xx.s...
compiling system_fm33lf0xx.c...
compiling Message_Process.c...
compiling FM33LF0_Timer.c...
compiling FM33LF0_IIC.c...
compiling Keyboard_api.c...
compiling Lcd_api.c...
compiling main.c...
compiling Adc_api.c...
compiling Window_api.c...
compiling FM33LF0_System.c...
compiling Alarm_api.c...
compiling Flash.c...
compiling OPA_api.c...
compiling Ppm_Processing.c...
compiling FM33LF0_UART.c...
compiling fm33lf0xx_fl_cmu.c...
compiling fm33lf0xx_fl.c...
compiling Calibrate_LED.c...
compiling fm33lf0xx_fl_gpio.c...
compiling fm33lf0xx_fl_i2c_smbus.c...
compiling fm33lf0xx_fl_adc.c...
compiling fm33lf0xx_fl_atim.c...
compiling fm33lf0xx_fl_iwdt.c...
compiling fm33lf0xx_fl_lcd.c...
compiling fm33lf0xx_fl_lptim16.c...
compiling fm33lf0xx_fl_opa.c...
compiling mf_config.c...
compiling fm33lf0xx_fl_exti.c...
compiling fm33lf0xx_fl_flash.c...
linking...
Program Size: Code=12588 RO-data=368 RW-data=32 ZI-data=4552  
FromELF: creating hex file...
".\Objects\CO-0313-KD-001-A.axf" - 0 Error(s), 0 Warning(s).

<h2>Software Packages used:</h2>

Package Vendor: FMSH
                https://fmdevelopers.oss-cn-shanghai.aliyuncs.com/FMSH.FM33LF0XX_DFP.2.0.1.pack
                FMSH.FM33LF0XX_DFP.2.0.1
                FMSH ARM Cortex-M0 Device Family Pack

<h2>Collection of Component include folders:</h2>
  D:/Keil_v5/Pack/FMSH/FM33LF0XX_DFP/2.0.1/Device/Include

<h2>Collection of Component Files used:</h2>
Build Time Elapsed:  00:00:03
</pre>
</body>
</html>
