Component: ARM Compiler 5.06 update 7 (build 960) Tool: armlink [4d3601]

==============================================================================

Section Cross References

    system_fm33lf0xx.o(i.SystemCoreClockUpdate) refers to system_fm33lf0xx.o(i.SystemPLLClockUpdate) for SystemPLLClockUpdate
    system_fm33lf0xx.o(i.SystemCoreClockUpdate) refers to system_fm33lf0xx.o(i.__ARM_common_switch8) for __ARM_common_switch8
    system_fm33lf0xx.o(i.SystemCoreClockUpdate) refers to system_fm33lf0xx.o(.data) for XTHFClock
    system_fm33lf0xx.o(i.SystemPLLClockUpdate) refers to system_fm33lf0xx.o(i.__ARM_common_switch8) for __ARM_common_switch8
    system_fm33lf0xx.o(i.SystemPLLClockUpdate) refers to aeabi_sdiv.o(.text) for __aeabi_uidivmod
    system_fm33lf0xx.o(i.SystemPLLClockUpdate) refers to system_fm33lf0xx.o(.data) for XTHFClock
    startup_fm33lf0xx.o(STACK) refers (Special) to heapauxi.o(.text) for __use_two_region_memory
    startup_fm33lf0xx.o(HEAP) refers (Special) to heapauxi.o(.text) for __use_two_region_memory
    startup_fm33lf0xx.o(RESET) refers (Special) to heapauxi.o(.text) for __use_two_region_memory
    startup_fm33lf0xx.o(RESET) refers to startup_fm33lf0xx.o(STACK) for __initial_sp
    startup_fm33lf0xx.o(RESET) refers to startup_fm33lf0xx.o(.text) for Reset_Handler
    startup_fm33lf0xx.o(RESET) refers to window_api.o(i.LPTIM16_IRQHandler) for LPTIM16_IRQHandler
    startup_fm33lf0xx.o(RESET) refers to keyboard_api.o(i.GPIO_IRQHandler) for GPIO_IRQHandler
    startup_fm33lf0xx.o(.text) refers (Special) to heapauxi.o(.text) for __use_two_region_memory
    startup_fm33lf0xx.o(.text) refers to __main.o(!!!main) for __main
    startup_fm33lf0xx.o(.text) refers to startup_fm33lf0xx.o(HEAP) for Heap_Mem
    startup_fm33lf0xx.o(.text) refers to startup_fm33lf0xx.o(STACK) for Stack_Mem
    main.o(i.main) refers to fm33lf0_system.o(i.ClearSRAM) for ClearSRAM
    main.o(i.main) refers to fm33lf0_system.o(i.SYS_CLOCK_Init) for SYS_CLOCK_Init
    main.o(i.main) refers to fm33lf0_system.o(i.SYS_GPIO_Init) for SYS_GPIO_Init
    main.o(i.main) refers to fm33lf0_timer.o(i.SetSystemTickTimer) for SetSystemTickTimer
    main.o(i.main) refers to keyboard_api.o(i.ScanTestKeyProcess) for ScanTestKeyProcess
    main.o(i.main) refers to keyboard_api.o(i.TestKeyDownEvent) for TestKeyDownEvent
    main.o(i.main) refers to keyboard_api.o(i.TestKeyUpEvent) for TestKeyUpEvent
    main.o(i.main) refers to fm33lf0_timer.o(i.ClosePWM) for ClosePWM
    main.o(i.main) refers to fm33lf0_iic.o(i.RunAHT21Proc) for RunAHT21Proc
    main.o(i.main) refers to fm33lf0_iic.o(i.RunIICServerProc) for RunIICServerProc
    main.o(i.main) refers to adc_api.o(i.ADC_Calibration) for ADC_Calibration
    main.o(i.main) refers to adc_api.o(i.RunADC_GatherProc) for RunADC_GatherProc
    main.o(i.main) refers to ppm_processing.o(i.PpmCountProc) for PpmCountProc
    main.o(i.main) refers to lcd_api.o(i.LCDDisplay) for LCDDisplay
    main.o(i.main) refers to lcd_api.o(i.LCDDisplay_Char) for LCDDisplay_Char
    main.o(i.main) refers to window_api.o(i.SysPowerOn) for SysPowerOn
    main.o(i.main) refers to alarm_api.o(i.OpenTestAlarm) for OpenTestAlarm
    main.o(i.main) refers to alarm_api.o(i.OpenWarningProc) for OpenWarningProc
    main.o(i.main) refers to alarm_api.o(i.OpenAlarmProc) for OpenAlarmProc
    main.o(i.main) refers to alarm_api.o(i.FaultAlarmProc) for FaultAlarmProc
    main.o(i.main) refers to adc_api.o(i.RunEle_DischargeProc) for RunEle_DischargeProc
    main.o(i.main) refers to window_api.o(i.Day_TimerPrco) for Day_TimerPrco
    main.o(i.main) refers to window_api.o(i.Debug_Mode) for Debug_Mode
    main.o(i.main) refers to calibrate_led.o(i.LED_Calibration) for LED_Calibration
    main.o(i.main) refers to flash.o(i.FlashFunctionPrco) for FlashFunctionPrco
    main.o(i.main) refers to message_process.o(i.Message_Process) for Message_Process
    main.o(i.main) refers to fm33lf0_timer.o(i.OpenLpTimer) for OpenLpTimer
    main.o(i.main) refers to fm33lf0_timer.o(i.CheckSystemTickTimer) for CheckSystemTickTimer
    main.o(i.main) refers to adc_api.o(.bss) for ADC_struct
    main.o(i.main) refers to keyboard_api.o(.data) for Key
    main.o(i.main) refers to fm33lf0_timer.o(.bss) for Timer
    main.o(i.main) refers to lcd_api.o(.data) for DisplayChar
    main.o(i.main) refers to alarm_api.o(.data) for Alarm
    main.o(i.main) refers to window_api.o(.data) for System
    main.o(i.main) refers to fm33lf0_iic.o(.data) for AHT
    main.o(i.main) refers to fm33lf0_iic.o(.bss) for I2C
    main.o(i.main) refers to ppm_processing.o(.bss) for PpmCount
    main.o(i.main) refers to lcd_api.o(.bss) for Display
    main.o(i.main) refers to window_api.o(.bss) for Lptimer
    main.o(i.main) refers to calibrate_led.o(.data) for CalLED
    main.o(i.main) refers to flash.o(.bss) for Flash
    fm33lf0_timer.o(i.CheckSystemTickTimer) refers to fm33lf0_timer.o(.bss) for Timer
[...]
    Removing fm33lf0xx_fl_atim.o(.rev16_text), (4 bytes).
    Removing fm33lf0xx_fl_atim.o(.revsh_text), (4 bytes).
    Removing fm33lf0xx_fl_atim.o(i.FL_ATIM_BDTR_Init), (724 bytes).
    Removing fm33lf0xx_fl_atim.o(i.FL_ATIM_BDTR_StructInit), (24 bytes).
    Removing fm33lf0xx_fl_atim.o(i.FL_ATIM_CC_SetChannelMode), (54 bytes).
    Removing fm33lf0xx_fl_atim.o(i.FL_ATIM_DeInit), (180 bytes).
    Removing fm33lf0xx_fl_atim.o(i.FL_ATIM_ETRStructInit), (12 bytes).
    Removing fm33lf0xx_fl_atim.o(i.FL_ATIM_ETR_Init), (368 bytes).
    Removing fm33lf0xx_fl_atim.o(i.FL_ATIM_GenerateUpdateEvent), (10 bytes).
    Removing fm33lf0xx_fl_atim.o(i.FL_ATIM_IC_Init), (498 bytes).
    Removing fm33lf0xx_fl_atim.o(i.FL_ATIM_IC_StructInit), (18 bytes).
    Removing fm33lf0xx_fl_atim.o(i.FL_ATIM_Init), (356 bytes).
    Removing fm33lf0xx_fl_atim.o(i.FL_ATIM_IsActiveFlag_Update), (16 bytes).
    Removing fm33lf0xx_fl_atim.o(i.FL_ATIM_OC_DisableChannel), (16 bytes).
    Removing fm33lf0xx_fl_atim.o(i.FL_ATIM_OC_DisableReverseChannel), (16 bytes).
    Removing fm33lf0xx_fl_atim.o(i.FL_ATIM_OC_Init), (624 bytes).
    Removing fm33lf0xx_fl_atim.o(i.FL_ATIM_OC_SetMode), (88 bytes).
    Removing fm33lf0xx_fl_atim.o(i.FL_ATIM_OC_StructInit), (24 bytes).
    Removing fm33lf0xx_fl_atim.o(i.FL_ATIM_SetCounterAlignedMode), (12 bytes).
    Removing fm33lf0xx_fl_atim.o(i.FL_ATIM_SetCounterDirection), (12 bytes).
    Removing fm33lf0xx_fl_atim.o(i.FL_ATIM_SetSlaveMode), (12 bytes).
    Removing fm33lf0xx_fl_atim.o(i.FL_ATIM_SlaveModeStructInit), (14 bytes).
    Removing fm33lf0xx_fl_atim.o(i.FL_ATIM_SlaveMode_Init), (452 bytes).
    Removing fm33lf0xx_fl_atim.o(i.FL_ATIM_StructInit), (24 bytes).
    Removing fm33lf0xx_fl_atim.o(i.FL_CMU_EnableGroup1OperationClock), (16 bytes).
    Removing fm33lf0xx_fl_atim.o(i.FL_CMU_EnableGroup4BusClock), (16 bytes).
    Removing fm33lf0xx_fl_atim.o(i.OCConfig), (570 bytes).
    Removing fm33lf0xx_fl_cmu.o(.rev16_text), (4 bytes).
    Removing fm33lf0xx_fl_cmu.o(.revsh_text), (4 bytes).
    Removing fm33lf0xx_fl_cmu.o(i.FL_CMU_GetAHBClockFreq), (120 bytes).
    Removing fm33lf0xx_fl_cmu.o(i.FL_CMU_GetAPBClockFreq), (120 bytes).
    Removing fm33lf0xx_fl_cmu.o(i.FL_CMU_GetPLLClockFreq), (172 bytes).
    Removing fm33lf0xx_fl_cmu.o(i.FL_CMU_GetRCHFClockFreq), (80 bytes).
    Removing fm33lf0xx_fl_cmu.o(i.FL_CMU_GetSystemClockFreq), (88 bytes).
    Removing fm33lf0xx_fl_gpio.o(.rev16_text), (4 bytes).
    Removing fm33lf0xx_fl_gpio.o(.revsh_text), (4 bytes).
    Removing fm33lf0xx_fl_gpio.o(i.FL_GPIO_ALLPIN_LPM_MODE), (56 bytes).
    Removing fm33lf0xx_fl_gpio.o(i.FL_GPIO_DeInit), (184 bytes).
    Removing fm33lf0xx_fl_gpio.o(i.FL_GPIO_DisablePinAnalogSwitch), (10 bytes).
    Removing fm33lf0xx_fl_gpio.o(i.FL_GPIO_DisablePinInput), (10 bytes).
    Removing fm33lf0xx_fl_gpio.o(i.FL_GPIO_DisablePinOpenDrain), (10 bytes).
    Removing fm33lf0xx_fl_gpio.o(i.FL_GPIO_DisablePinPulldown), (10 bytes).
    Removing fm33lf0xx_fl_gpio.o(i.FL_GPIO_DisablePinPullup), (10 bytes).
    Removing fm33lf0xx_fl_gpio.o(i.FL_GPIO_Init), (624 bytes).
    Removing fm33lf0xx_fl_gpio.o(i.FL_GPIO_SetPinMode), (26 bytes).
    Removing fm33lf0xx_fl_gpio.o(i.FL_GPIO_SetPinRemap), (26 bytes).
    Removing fm33lf0xx_fl_gpio.o(i.FL_GPIO_StructInit), (32 bytes).
    Removing fm33lf0xx_fl_gpio.o(i.FL_WKUP_DeInit), (76 bytes).
    Removing fm33lf0xx_fl_gpio.o(i.FL_WKUP_Init), (144 bytes).
    Removing fm33lf0xx_fl_gpio.o(i.FL_WKUP_StructInit), (6 bytes).
    Removing fm33lf0xx_fl_i2c_smbus.o(.rev16_text), (4 bytes).
    Removing fm33lf0xx_fl_i2c_smbus.o(.revsh_text), (4 bytes).
    Removing fm33lf0xx_fl_i2c_smbus.o(i.FL_CMU_EnableGroup1OperationClock), (16 bytes).
    Removing fm33lf0xx_fl_i2c_smbus.o(i.FL_CMU_EnableGroup3BusClock), (16 bytes).
    Removing fm33lf0xx_fl_i2c_smbus.o(i.FL_I2CSMB_Enable), (10 bytes).
    Removing fm33lf0xx_fl_i2c_smbus.o(i.FL_I2CSMB_WriteSlave10BitAddress), (12 bytes).
    Removing fm33lf0xx_fl_i2c_smbus.o(i.FL_I2C_SMBUS_DeInit), (128 bytes).
    Removing fm33lf0xx_fl_i2c_smbus.o(i.FL_I2C_SMBUS_MasterMode_Init), (452 bytes).
    Removing fm33lf0xx_fl_i2c_smbus.o(i.FL_I2C_SMBUS_MasterMode_StructInit), (16 bytes).
    Removing fm33lf0xx_fl_i2c_smbus.o(i.FL_I2C_SMBUS_SlaveMode_Init), (244 bytes).
    Removing fm33lf0xx_fl_i2c_smbus.o(i.FL_I2C_SMBUS_SlaveMode_StructInit), (12 bytes).
    Removing fm33lf0xx_fl_i2c_smbus.o(i.FL_RMU_DisableResetAPBPeripheral), (34 bytes).
    Removing fm33lf0xx_fl_i2c_smbus.o(i.FL_RMU_EnableResetAPBPeripheral), (34 bytes).
    Removing fm33lf0xx_fl_iwdt.o(.rev16_text), (4 bytes).
    Removing fm33lf0xx_fl_iwdt.o(.revsh_text), (4 bytes).
    Removing fm33lf0xx_fl_iwdt.o(i.FL_IWDT_DeInit), (36 bytes).
    Removing fm33lf0xx_fl_iwdt.o(i.FL_IWDT_Init), (276 bytes).
    Removing fm33lf0xx_fl_iwdt.o(i.FL_IWDT_StructInit), (14 bytes).
    Removing fm33lf0xx_fl_lcd.o(.rev16_text), (4 bytes).
    Removing fm33lf0xx_fl_lcd.o(.revsh_text), (4 bytes).
    Removing fm33lf0xx_fl_lcd.o(i.FL_LCD_4COMDisplay), (30 bytes).
    Removing fm33lf0xx_fl_lcd.o(i.FL_LCD_6COMDisplay), (30 bytes).
    Removing fm33lf0xx_fl_lcd.o(i.FL_LCD_8COMDisplay), (30 bytes).
    Removing fm33lf0xx_fl_lcd.o(i.FL_LCD_DeInit), (168 bytes).
    Removing fm33lf0xx_fl_lcd.o(i.FL_LCD_DisplayFreq), (388 bytes).
    Removing fm33lf0xx_fl_lcd.o(i.FL_LCD_FlickTime), (400 bytes).
    Removing fm33lf0xx_fl_lcd.o(i.FL_LCD_GetCOMNumber), (16 bytes).
    Removing fm33lf0xx_fl_lcd.o(i.FL_LCD_Init), (628 bytes).
    Removing fm33lf0xx_fl_lcd.o(i.FL_LCD_ReadDisplayFrequency), (8 bytes).
    Removing fm33lf0xx_fl_lcd.o(i.FL_LCD_StructInit), (40 bytes).
    Removing fm33lf0xx_fl_lptim16.o(.rev16_text), (4 bytes).
    Removing fm33lf0xx_fl_lptim16.o(.revsh_text), (4 bytes).
    Removing fm33lf0xx_fl_lptim16.o(i.FL_LPTIM16_DeInit), (184 bytes).
    Removing fm33lf0xx_fl_lptim16.o(i.FL_LPTIM16_EnableETRFilter), (12 bytes).
    Removing fm33lf0xx_fl_lptim16.o(i.FL_LPTIM16_IC_Init), (396 bytes).
    Removing fm33lf0xx_fl_lptim16.o(i.FL_LPTIM16_IC_StructInit), (18 bytes).
    Removing fm33lf0xx_fl_lptim16.o(i.FL_LPTIM16_Init), (680 bytes).
    Removing fm33lf0xx_fl_lptim16.o(i.FL_LPTIM16_OC_Init), (204 bytes).
    Removing fm33lf0xx_fl_lptim16.o(i.FL_LPTIM16_OC_StructInit), (12 bytes).
    Removing fm33lf0xx_fl_lptim16.o(i.FL_LPTIM16_SetChannelMode), (42 bytes).
    Removing fm33lf0xx_fl_lptim16.o(i.FL_LPTIM16_SetETRCountEdge), (12 bytes).
    Removing fm33lf0xx_fl_lptim16.o(i.FL_LPTIM16_SetETRTriggerEdge), (12 bytes).
    Removing fm33lf0xx_fl_lptim16.o(i.FL_LPTIM16_StructInit), (26 bytes).
    Removing fm33lf0xx_fl_opa.o(.rev16_text), (4 bytes).
    Removing fm33lf0xx_fl_opa.o(.revsh_text), (4 bytes).
    Removing fm33lf0xx_fl_opa.o(i.FL_OPA_DeInit), (176 bytes).
    Removing fm33lf0xx_fl_opa.o(i.FL_OPA_Init), (124 bytes).
    Removing fm33lf0xx_fl_opa.o(i.FL_OPA_StructInit), (6 bytes).
    Removing mf_config.o(.rev16_text), (4 bytes).
    Removing mf_config.o(.revsh_text), (4 bytes).
    Removing mf_config.o(i.Error_Handler), (2 bytes).
    Removing mf_config.o(i.MF_Clock_Init), (2 bytes).
    Removing mf_config.o(i.MF_Config_Init), (2 bytes).
    Removing mf_config.o(i.MF_SystemClock_Config), (2 bytes).
    Removing mf_config.o(i.assert_failed), (2 bytes).
    Removing fm33lf0xx_fl_exti.o(.rev16_text), (4 bytes).
    Removing fm33lf0xx_fl_exti.o(.revsh_text), (4 bytes).
    Removing fm33lf0xx_fl_exti.o(i.FL_EXTI_CommonDeinit), (24 bytes).
    Removing fm33lf0xx_fl_exti.o(i.FL_EXTI_CommonInit), (96 bytes).
    Removing fm33lf0xx_fl_exti.o(i.FL_EXTI_CommonStructInit), (8 bytes).
    Removing fm33lf0xx_fl_exti.o(i.FL_EXTI_DeInit), (172 bytes).
    Removing fm33lf0xx_fl_exti.o(i.FL_EXTI_Init), (408 bytes).
    Removing fm33lf0xx_fl_exti.o(i.FL_EXTI_StructInit), (10 bytes).
    Removing fm33lf0xx_fl_exti.o(i.FL_GPIO_ClearFlag_EXTI), (6 bytes).
    Removing fm33lf0xx_fl_exti.o(i.FL_GPIO_DisableDigitalFilter), (10 bytes).
    Removing fm33lf0xx_fl_exti.o(i.FL_GPIO_SetExtiLine0), (12 bytes).
    Removing fm33lf0xx_fl_exti.o(i.FL_GPIO_SetExtiLine1), (12 bytes).
    Removing fm33lf0xx_fl_exti.o(i.FL_GPIO_SetExtiLine10), (14 bytes).
    Removing fm33lf0xx_fl_exti.o(i.FL_GPIO_SetExtiLine11), (14 bytes).
    Removing fm33lf0xx_fl_exti.o(i.FL_GPIO_SetExtiLine12), (14 bytes).
    Removing fm33lf0xx_fl_exti.o(i.FL_GPIO_SetExtiLine13), (14 bytes).
    Removing fm33lf0xx_fl_exti.o(i.FL_GPIO_SetExtiLine14), (14 bytes).
    Removing fm33lf0xx_fl_exti.o(i.FL_GPIO_SetExtiLine15), (14 bytes).
    Removing fm33lf0xx_fl_exti.o(i.FL_GPIO_SetExtiLine2), (12 bytes).
    Removing fm33lf0xx_fl_exti.o(i.FL_GPIO_SetExtiLine3), (12 bytes).
    Removing fm33lf0xx_fl_exti.o(i.FL_GPIO_SetExtiLine4), (14 bytes).
    Removing fm33lf0xx_fl_exti.o(i.FL_GPIO_SetExtiLine5), (14 bytes).
    Removing fm33lf0xx_fl_exti.o(i.FL_GPIO_SetExtiLine6), (14 bytes).
    Removing fm33lf0xx_fl_exti.o(i.FL_GPIO_SetExtiLine7), (14 bytes).
    Removing fm33lf0xx_fl_exti.o(i.FL_GPIO_SetExtiLine8), (14 bytes).
    Removing fm33lf0xx_fl_exti.o(i.FL_GPIO_SetExtiLine9), (14 bytes).
    Removing fm33lf0xx_fl_exti.o(i.FL_GPIO_SetTriggerEdge), (26 bytes).
    Removing fm33lf0xx_fl_exti.o(.constdata), (68 bytes).
    Removing fm33lf0xx_fl_flash.o(.rev16_text), (4 bytes).
    Removing fm33lf0xx_fl_flash.o(.revsh_text), (4 bytes).
    Removing fm33lf0xx_fl_flash.o(i.FL_CMU_DisableGroup1OperationClock), (16 bytes).
    Removing fm33lf0xx_fl_flash.o(i.FL_CMU_DisableGroup2BusClock), (16 bytes).
    Removing fm33lf0xx_fl_flash.o(i.FL_CMU_EnableGroup1OperationClock), (16 bytes).
    Removing fm33lf0xx_fl_flash.o(i.FL_CMU_EnableGroup2BusClock), (16 bytes).
    Removing fm33lf0xx_fl_flash.o(i.FL_FLASH_ClearFlag_AuthenticationError), (8 bytes).
    Removing fm33lf0xx_fl_flash.o(i.FL_FLASH_ClearFlag_ClockError), (8 bytes).
    Removing fm33lf0xx_fl_flash.o(i.FL_FLASH_ClearFlag_EraseComplete), (6 bytes).
    Removing fm33lf0xx_fl_flash.o(i.FL_FLASH_ClearFlag_KeyError), (8 bytes).
    Removing fm33lf0xx_fl_flash.o(i.FL_FLASH_ClearFlag_ProgramComplete), (6 bytes).
    Removing fm33lf0xx_fl_flash.o(i.FL_FLASH_EnableErase), (18 bytes).
    Removing fm33lf0xx_fl_flash.o(i.FL_FLASH_EnableProgram), (18 bytes).
    Removing fm33lf0xx_fl_flash.o(i.FL_FLASH_GetFlashLockStatus), (12 bytes).
    Removing fm33lf0xx_fl_flash.o(i.FL_FLASH_IsActiveFlag_AuthenticationError), (14 bytes).
    Removing fm33lf0xx_fl_flash.o(i.FL_FLASH_IsActiveFlag_ClockError), (14 bytes).
    Removing fm33lf0xx_fl_flash.o(i.FL_FLASH_IsActiveFlag_EraseComplete), (16 bytes).
    Removing fm33lf0xx_fl_flash.o(i.FL_FLASH_IsActiveFlag_KeyError), (14 bytes).
    Removing fm33lf0xx_fl_flash.o(i.FL_FLASH_IsActiveFlag_ProgramComplete), (12 bytes).
    Removing fm33lf0xx_fl_flash.o(i.FL_FLASH_LockFlash), (8 bytes).
    Removing fm33lf0xx_fl_flash.o(i.FL_FLASH_PageErase), (332 bytes).
    Removing fm33lf0xx_fl_flash.o(i.FL_FLASH_Program_Page), (336 bytes).
    Removing fm33lf0xx_fl_flash.o(i.FL_FLASH_Program_Sector), (336 bytes).
    Removing fm33lf0xx_fl_flash.o(i.FL_FLASH_Program_Word), (320 bytes).
    Removing fm33lf0xx_fl_flash.o(i.FL_FLASH_SectorErase), (332 bytes).
    Removing fm33lf0xx_fl_flash.o(i.FL_FLASH_SetFlashEraseType), (14 bytes).
    Removing fm33lf0xx_fl_flash.o(i.FL_FLASH_UnlockFlash), (4 bytes).
    Removing fm33lf0xx_fl_flash.o(i.__get_PRIMASK), (6 bytes).
    Removing fm33lf0xx_fl_flash.o(i.__set_PRIMASK), (6 bytes).

223 unused section(s) (total 16838 bytes) removed from the image.

==============================================================================

Image Symbol Table

    Local Symbols

    Symbol Name                              Value     Ov Type        Size  Object(Section)

    RESET                                    0x00000000   Section      192  startup_fm33lf0xx.o(RESET)
    ../clib/angel/boardlib.s                 0x00000000   Number         0  boardinit2.o ABSOLUTE
    ../clib/angel/boardlib.s                 0x00000000   Number         0  boardshut.o ABSOLUTE
    ../clib/angel/boardlib.s                 0x00000000   Number         0  boardinit1.o ABSOLUTE
    ../clib/angel/boardlib.s                 0x00000000   Number         0  boardinit3.o ABSOLUTE
    ../clib/angel/handlers.s                 0x00000000   Number         0  __scatter_zi.o ABSOLUTE
    ../clib/angel/handlers.s                 0x00000000   Number         0  __scatter_copy.o ABSOLUTE
    ../clib/angel/kernel.s                   0x00000000   Number         0  __rtentry2.o ABSOLUTE
    ../clib/angel/kernel.s                   0x00000000   Number         0  rtexit.o ABSOLUTE
    ../clib/angel/kernel.s                   0x00000000   Number         0  __rtentry4.o ABSOLUTE
    ../clib/angel/kernel.s                   0x00000000   Number         0  rtexit2.o ABSOLUTE
    ../clib/angel/kernel.s                   0x00000000   Number         0  __rtentry.o ABSOLUTE
    ../clib/angel/rt.s                       0x00000000   Number         0  rt_div0.o ABSOLUTE
    ../clib/angel/rt.s                       0x00000000   Number         0  rt_raise.o ABSOLUTE
    ../clib/angel/rt.s                       0x00000000   Number         0  aeabi_idiv0_sigfpe.o ABSOLUTE
    ../clib/angel/rt.s                       0x00000000   Number         0  aeabi_idiv0.o ABSOLUTE
    ../clib/angel/rt.s                       0x00000000   Number         0  rt_errno_addr.o ABSOLUTE
    ../clib/angel/rt.s                       0x00000000   Number         0  rt_errno_addr_intlibspace.o ABSOLUTE
    ../clib/angel/scatterp.s                 0x00000000   Number         0  __scatter.o ABSOLUTE
    ../clib/angel/startup.s                  0x00000000   Number         0  __main.o ABSOLUTE
    ../clib/angel/sys.s                      0x00000000   Number         0  tempstk.o ABSOLUTE
    ../clib/angel/sys.s                      0x00000000   Number         0  use_no_semi.o ABSOLUTE
    ../clib/angel/sys.s                      0x00000000   Number         0  indicate_semi.o ABSOLUTE
    ../clib/angel/sys.s                      0x00000000   Number         0  libspace.o ABSOLUTE
    ../clib/angel/sys.s                      0x00000000   Number         0  sys_stackheap_outer.o ABSOLUTE
    ../clib/angel/sysapp.c                   0x00000000   Number         0  sys_exit.o ABSOLUTE
    ../clib/angel/sysapp.c                   0x00000000   Number         0  sys_wrch.o ABSOLUTE
    ../clib/angel/sysapp.c                   0x00000000   Number         0  sys_command.o ABSOLUTE
    ../clib/armsys.c                         0x00000000   Number         0  _get_argv_nomalloc.o ABSOLUTE
    ../clib/armsys.c                         0x00000000   Number         0  no_argv.o ABSOLUTE
    ../clib/armsys.c                         0x00000000   Number         0  argv_veneer.o ABSOLUTE
    ../clib/division.s                       0x00000000   Number         0  aeabi_sdiv_div0.o ABSOLUTE
    ../clib/division.s                       0x00000000   Number         0  aeabi_sdiv.o ABSOLUTE
    ../clib/fenv.c                           0x00000000   Number         0  _rserrno.o ABSOLUTE
    ../clib/heapalloc.c                      0x00000000   Number         0  hrguard.o ABSOLUTE
    ../clib/heapaux.c                        0x00000000   Number         0  heapauxi.o ABSOLUTE
    ../clib/libinit.s                        0x00000000   Number         0  libshutdown.o ABSOLUTE
    ../clib/libinit.s                        0x00000000   Number         0  libinit.o ABSOLUTE
    ../clib/libinit.s                        0x00000000   Number         0  libinit2.o ABSOLUTE
    ../clib/libinit.s                        0x00000000   Number         0  libshutdown2.o ABSOLUTE
    ../clib/signal.c                         0x00000000   Number         0  defsig_fpe_inner.o ABSOLUTE
    ../clib/signal.c                         0x00000000   Number         0  defsig_segv_inner.o ABSOLUTE
    ../clib/signal.c                         0x00000000   Number         0  defsig_cppl_inner.o ABSOLUTE
    ../clib/signal.c                         0x00000000   Number         0  defsig_pvfn_inner.o ABSOLUTE
    ../clib/signal.c                         0x00000000   Number         0  defsig_abrt_inner.o ABSOLUTE
    ../clib/signal.c                         0x00000000   Number         0  defsig_other.o ABSOLUTE
    ../clib/signal.c                         0x00000000   Number         0  defsig_stak_inner.o ABSOLUTE
    ../clib/signal.c                         0x00000000   Number         0  defsig_general.o ABSOLUTE
    ../clib/signal.c                         0x00000000   Number         0  defsig_exit.o ABSOLUTE
    ../clib/signal.c                         0x00000000   Number         0  __raise.o ABSOLUTE
    ../clib/signal.c                         0x00000000   Number         0  defsig_rtred_inner.o ABSOLUTE
    ../clib/signal.c                         0x00000000   Number         0  defsig_rtmem_inner.o ABSOLUTE
    ../clib/signal.c                         0x00000000   Number         0  defsig_fpe_formal.o ABSOLUTE
    ../clib/signal.c                         0x00000000   Number         0  defsig_fpe_outer.o ABSOLUTE
    ../clib/signal.c                         0x00000000   Number         0  defsig_rtmem_outer.o ABSOLUTE
    ../clib/signal.c                         0x00000000   Number         0  defsig_rtmem_formal.o ABSOLUTE
    ../clib/signal.s                         0x00000000   Number         0  defsig.o ABSOLUTE
    ../clib/stdlib.c                         0x00000000   Number         0  exit.o ABSOLUTE
    ../fplib/cfplib/cmpret.c                 0x00000000   Number         0  cmpret.o ABSOLUTE
    ../fplib/cfplib/d2f.c                    0x00000000   Number         0  d2f.o ABSOLUTE
    ../fplib/cfplib/daddsub.c                0x00000000   Number         0  daddsub.o ABSOLUTE
    ../fplib/cfplib/dcmpin.c                 0x00000000   Number         0  dcmpin.o ABSOLUTE
    ../fplib/cfplib/ddiv.c                   0x00000000   Number         0  ddiv.o ABSOLUTE
    ../fplib/cfplib/dmul.c                   0x00000000   Number         0  dmul.o ABSOLUTE
    ../fplib/cfplib/dsqrt.c                  0x00000000   Number         0  dsqrt.o ABSOLUTE
    ../fplib/cfplib/f2d.c                    0x00000000   Number         0  f2d.o ABSOLUTE
    ../fplib/cfplib/fdiv.c                   0x00000000   Number         0  fdiv.o ABSOLUTE
    ../fplib/cfplib/ffix.c                   0x00000000   Number         0  ffixui.o ABSOLUTE
    ../fplib/cfplib/ffix.c                   0x00000000   Number         0  dfixui.o ABSOLUTE
    ../fplib/cfplib/fflt.c                   0x00000000   Number         0  dflti.o ABSOLUTE
    ../fplib/cfplib/fflt.c                   0x00000000   Number         0  fflti.o ABSOLUTE
    ../fplib/cfplib/fpinit.c                 0x00000000   Number         0  fpinit.o ABSOLUTE
    ../fplib/cfplib/nan2.c                   0x00000000   Number         0  dnan2.o ABSOLUTE
    ../fplib/cfplib/retnan.c                 0x00000000   Number         0  retnan.o ABSOLUTE
    ../fplib/cfplib/scalbn.c                 0x00000000   Number         0  dscalbn.o ABSOLUTE
    ../fplib/dleqf6m.s                       0x00000000   Number         0  dlef.o ABSOLUTE
    ../fplib/drleqf6m.s                      0x00000000   Number         0  drlef.o ABSOLUTE
    ../fplib/faddsub6m.s                     0x00000000   Number         0  faddsub.o ABSOLUTE
    ../fplib/fmul6m.s                        0x00000000   Number         0  fmul.o ABSOLUTE
    ../fplib/usenofp.s                       0x00000000   Number         0  usenofp.o ABSOLUTE
    ../mathlib/dunder.c                      0x00000000   Number         0  dunder.o ABSOLUTE
    ../mathlib/fpclassify.c                  0x00000000   Number         0  fpclassify.o ABSOLUTE
    ../mathlib/poly.c                        0x00000000   Number         0  poly.o ABSOLUTE
    ../mathlib/pow.c                         0x00000000   Number         0  pow_x.o ABSOLUTE
    ../mathlib/pow.c                         0x00000000   Number         0  pow.o ABSOLUTE
    ../mathlib/qnan.c                        0x00000000   Number         0  qnan.o ABSOLUTE
    ../mathlib/sqrt.c                        0x00000000   Number         0  sqrt_x.o ABSOLUTE
    ../mathlib/sqrt.c                        0x00000000   Number         0  sqrt.o ABSOLUTE
    CMSIS\\src\\system_fm33lf0xx.c           0x00000000   Number         0  system_fm33lf0xx.o ABSOLUTE
    CMSIS\src\system_fm33lf0xx.c             0x00000000   Number         0  system_fm33lf0xx.o ABSOLUTE
    Library\\src\\fm33lf0xx_fl.c             0x00000000   Number         0  fm33lf0xx_fl.o ABSOLUTE
    Library\\src\\fm33lf0xx_fl_adc.c         0x00000000   Number         0  fm33lf0xx_fl_adc.o ABSOLUTE
    Library\\src\\fm33lf0xx_fl_atim.c        0x00000000   Number         0  fm33lf0xx_fl_atim.o ABSOLUTE
    Library\\src\\fm33lf0xx_fl_cmu.c         0x00000000   Number         0  fm33lf0xx_fl_cmu.o ABSOLUTE
    Library\\src\\fm33lf0xx_fl_exti.c        0x00000000   Number         0  fm33lf0xx_fl_exti.o ABSOLUTE
    Library\\src\\fm33lf0xx_fl_flash.c       0x00000000   Number         0  fm33lf0xx_fl_flash.o ABSOLUTE
    Library\\src\\fm33lf0xx_fl_gpio.c        0x00000000   Number         0  fm33lf0xx_fl_gpio.o ABSOLUTE
    Library\\src\\fm33lf0xx_fl_i2c_smbus.c   0x00000000   Number         0  fm33lf0xx_fl_i2c_smbus.o ABSOLUTE
    Library\\src\\fm33lf0xx_fl_iwdt.c        0x00000000   Number         0  fm33lf0xx_fl_iwdt.o ABSOLUTE
    Library\\src\\fm33lf0xx_fl_lcd.c         0x00000000   Number         0  fm33lf0xx_fl_lcd.o ABSOLUTE
    Library\\src\\fm33lf0xx_fl_lptim16.c     0x00000000   Number         0  fm33lf0xx_fl_lptim16.o ABSOLUTE
    Library\\src\\fm33lf0xx_fl_opa.c         0x00000000   Number         0  fm33lf0xx_fl_opa.o ABSOLUTE
    Library\\src\\mf_config.c                0x00000000   Number         0  mf_config.o ABSOLUTE
    Library\src\fm33lf0xx_fl.c               0x00000000   Number         0  fm33lf0xx_fl.o ABSOLUTE
    Library\src\fm33lf0xx_fl_adc.c           0x00000000   Number         0  fm33lf0xx_fl_adc.o ABSOLUTE
    Library\src\fm33lf0xx_fl_atim.c          0x00000000   Number         0  fm33lf0xx_fl_atim.o ABSOLUTE
    Library\src\fm33lf0xx_fl_cmu.c           0x00000000   Number         0  fm33lf0xx_fl_cmu.o ABSOLUTE
    Library\src\fm33lf0xx_fl_exti.c          0x00000000   Number         0  fm33lf0xx_fl_exti.o ABSOLUTE
    Library\src\fm33lf0xx_fl_flash.c         0x00000000   Number         0  fm33lf0xx_fl_flash.o ABSOLUTE
    Library\src\fm33lf0xx_fl_gpio.c          0x00000000   Number         0  fm33lf0xx_fl_gpio.o ABSOLUTE
    Library\src\fm33lf0xx_fl_i2c_smbus.c     0x00000000   Number         0  fm33lf0xx_fl_i2c_smbus.o ABSOLUTE
    Library\src\fm33lf0xx_fl_iwdt.c          0x00000000   Number         0  fm33lf0xx_fl_iwdt.o ABSOLUTE
    Library\src\fm33lf0xx_fl_lcd.c           0x00000000   Number         0  fm33lf0xx_fl_lcd.o ABSOLUTE
    Library\src\fm33lf0xx_fl_lptim16.c       0x00000000   Number         0  fm33lf0xx_fl_lptim16.o ABSOLUTE
    Library\src\fm33lf0xx_fl_opa.c           0x00000000   Number         0  fm33lf0xx_fl_opa.o ABSOLUTE
    Library\src\mf_config.c                  0x00000000   Number         0  mf_config.o ABSOLUTE
    User\Adc_api.c                           0x00000000   Number         0  adc_api.o ABSOLUTE
    User\Alarm_api.c                         0x00000000   Number         0  alarm_api.o ABSOLUTE
    User\Calibrate_LED.c                     0x00000000   Number         0  calibrate_led.o ABSOLUTE
    User\FM33LF0_IIC.c                       0x00000000   Number         0  fm33lf0_iic.o ABSOLUTE
    User\FM33LF0_System.c                    0x00000000   Number         0  fm33lf0_system.o ABSOLUTE
    User\FM33LF0_Timer.c                     0x00000000   Number         0  fm33lf0_timer.o ABSOLUTE
    User\Flash.c                             0x00000000   Number         0  flash.o ABSOLUTE
    User\Keyboard_api.c                      0x00000000   Number         0  keyboard_api.o ABSOLUTE
    User\Lcd_api.c                           0x00000000   Number         0  lcd_api.o ABSOLUTE
    User\Message_Process.c                   0x00000000   Number         0  message_process.o ABSOLUTE
    User\Ppm_Processing.c                    0x00000000   Number         0  ppm_processing.o ABSOLUTE
    User\Window_api.c                        0x00000000   Number         0  window_api.o ABSOLUTE
    User\\Adc_api.c                          0x00000000   Number         0  adc_api.o ABSOLUTE
    User\\Alarm_api.c                        0x00000000   Number         0  alarm_api.o ABSOLUTE
    User\\Calibrate_LED.c                    0x00000000   Number         0  calibrate_led.o ABSOLUTE
    User\\FM33LF0_IIC.c                      0x00000000   Number         0  fm33lf0_iic.o ABSOLUTE
    User\\FM33LF0_System.c                   0x00000000   Number         0  fm33lf0_system.o ABSOLUTE
    User\\FM33LF0_Timer.c                    0x00000000   Number         0  fm33lf0_timer.o ABSOLUTE
    User\\Flash.c                            0x00000000   Number         0  flash.o ABSOLUTE
    User\\Keyboard_api.c                     0x00000000   Number         0  keyboard_api.o ABSOLUTE
    User\\Lcd_api.c                          0x00000000   Number         0  lcd_api.o ABSOLUTE
    User\\Message_Process.c                  0x00000000   Number         0  message_process.o ABSOLUTE
    User\\Ppm_Processing.c                   0x00000000   Number         0  ppm_processing.o ABSOLUTE
    User\\Window_api.c                       0x00000000   Number         0  window_api.o ABSOLUTE
    User\\main.c                             0x00000000   Number         0  main.o ABSOLUTE
    User\main.c                              0x00000000   Number         0  main.o ABSOLUTE
    User\startup_fm33lf0xx.s                 0x00000000   Number         0  startup_fm33lf0xx.o ABSOLUTE
    dc.s                                     0x00000000   Number         0  dc.o ABSOLUTE
    !!!main                                  0x000000c0   Section        8  __main.o(!!!main)
    !!!scatter                               0x000000c8   Section       60  __scatter.o(!!!scatter)
    !!handler_copy                           0x00000104   Section       26  __scatter_copy.o(!!handler_copy)
    !!handler_zi                             0x00000120   Section       28  __scatter_zi.o(!!handler_zi)
    .ARM.Collect$$libinit$$00000000          0x0000013c   Section        2  libinit.o(.ARM.Collect$$libinit$$00000000)
    .ARM.Collect$$libinit$$00000002          0x0000013e   Section        0  libinit2.o(.ARM.Collect$$libinit$$00000002)
    .ARM.Collect$$libinit$$00000004          0x0000013e   Section        0  libinit2.o(.ARM.Collect$$libinit$$00000004)
    .ARM.Collect$$libinit$$0000000A          0x0000013e   Section        0  libinit2.o(.ARM.Collect$$libinit$$0000000A)
    .ARM.Collect$$libinit$$0000000C          0x0000013e   Section        0  libinit2.o(.ARM.Collect$$libinit$$0000000C)
    .ARM.Collect$$libinit$$0000000E          0x0000013e   Section        0  libinit2.o(.ARM.Collect$$libinit$$0000000E)
    .ARM.Collect$$libinit$$00000011          0x0000013e   Section        0  libinit2.o(.ARM.Collect$$libinit$$00000011)
    .ARM.Collect$$libinit$$00000013          0x0000013e   Section        0  libinit2.o(.ARM.Collect$$libinit$$00000013)
    .ARM.Collect$$libinit$$00000015          0x0000013e   Section        0  libinit2.o(.ARM.Collect$$libinit$$00000015)
    .ARM.Collect$$libinit$$00000017          0x0000013e   Section        0  libinit2.o(.ARM.Collect$$libinit$$00000017)
    .ARM.Collect$$libinit$$00000019          0x0000013e   Section        0  libinit2.o(.ARM.Collect$$libinit$$00000019)
    .ARM.Collect$$libinit$$0000001B          0x0000013e   Section        0  libinit2.o(.ARM.Collect$$libinit$$0000001B)
    .ARM.Collect$$libinit$$0000001D          0x0000013e   Section        0  libinit2.o(.ARM.Collect$$libinit$$0000001D)
    .ARM.Collect$$libinit$$0000001F          0x0000013e   Section        0  libinit2.o(.ARM.Collect$$libinit$$0000001F)
    .ARM.Collect$$libinit$$00000021          0x0000013e   Section        0  libinit2.o(.ARM.Collect$$libinit$$00000021)
    .ARM.Collect$$libinit$$00000023          0x0000013e   Section        0  libinit2.o(.ARM.Collect$$libinit$$00000023)
    .ARM.Collect$$libinit$$00000025          0x0000013e   Section        0  libinit2.o(.ARM.Collect$$libinit$$00000025)
    .ARM.Collect$$libinit$$0000002C          0x0000013e   Section        0  libinit2.o(.ARM.Collect$$libinit$$0000002C)
    .ARM.Collect$$libinit$$0000002E          0x0000013e   Section        0  libinit2.o(.ARM.Collect$$libinit$$0000002E)
    .ARM.Collect$$libinit$$00000030          0x0000013e   Section        0  libinit2.o(.ARM.Collect$$libinit$$00000030)
    .ARM.Collect$$libinit$$00000032          0x0000013e   Section        0  libinit2.o(.ARM.Collect$$libinit$$00000032)
    .ARM.Collect$$libinit$$00000033          0x0000013e   Section        2  libinit2.o(.ARM.Collect$$libinit$$00000033)
    .ARM.Collect$$libshutdown$$00000000      0x00000140   Section        2  libshutdown.o(.ARM.Collect$$libshutdown$$00000000)
    .ARM.Collect$$libshutdown$$00000002      0x00000142   Section        0  libshutdown2.o(.ARM.Collect$$libshutdown$$00000002)
    .ARM.Collect$$libshutdown$$00000004      0x00000142   Section        0  libshutdown2.o(.ARM.Collect$$libshutdown$$00000004)
    .ARM.Collect$$libshutdown$$00000006      0x00000142   Section        0  libshutdown2.o(.ARM.Collect$$libshutdown$$00000006)
    .ARM.Collect$$libshutdown$$00000009      0x00000142   Section        0  libshutdown2.o(.ARM.Collect$$libshutdown$$00000009)
    .ARM.Collect$$libshutdown$$0000000C      0x00000142   Section        0  libshutdown2.o(.ARM.Collect$$libshutdown$$0000000C)
    .ARM.Collect$$libshutdown$$0000000E      0x00000142   Section        0  libshutdown2.o(.ARM.Collect$$libshutdown$$0000000E)
    .ARM.Collect$$libshutdown$$00000011      0x00000142   Section        0  libshutdown2.o(.ARM.Collect$$libshutdown$$00000011)
    .ARM.Collect$$libshutdown$$00000012      0x00000142   Section        2  libshutdown2.o(.ARM.Collect$$libshutdown$$00000012)
    .ARM.Collect$$rtentry$$00000000          0x00000144   Section        0  __rtentry.o(.ARM.Collect$$rtentry$$00000000)
    .ARM.Collect$$rtentry$$00000002          0x00000144   Section        0  __rtentry2.o(.ARM.Collect$$rtentry$$00000002)
    .ARM.Collect$$rtentry$$00000004          0x00000144   Section        6  __rtentry4.o(.ARM.Collect$$rtentry$$00000004)
    .ARM.Collect$$rtentry$$00000009          0x0000014a   Section        0  __rtentry2.o(.ARM.Collect$$rtentry$$00000009)
    .ARM.Collect$$rtentry$$0000000A          0x0000014a   Section        4  __rtentry2.o(.ARM.Collect$$rtentry$$0000000A)
    .ARM.Collect$$rtentry$$0000000C          0x0000014e   Section        0  __rtentry2.o(.ARM.Collect$$rtentry$$0000000C)
    .ARM.Collect$$rtentry$$0000000D          0x0000014e   Section        8  __rtentry2.o(.ARM.Collect$$rtentry$$0000000D)
    .ARM.Collect$$rtexit$$00000000           0x00000156   Section        2  rtexit.o(.ARM.Collect$$rtexit$$00000000)
    .ARM.Collect$$rtexit$$00000002           0x00000158   Section        0  rtexit2.o(.ARM.Collect$$rtexit$$00000002)
    .ARM.Collect$$rtexit$$00000003           0x00000158   Section        4  rtexit2.o(.ARM.Collect$$rtexit$$00000003)
    .ARM.Collect$$rtexit$$00000004           0x0000015c   Section        6  rtexit2.o(.ARM.Collect$$rtexit$$00000004)
    .text                                    0x00000164   Section       48  startup_fm33lf0xx.o(.text)
    .text                                    0x00000194   Section      346  aeabi_sdiv.o(.text)
    .text                                    0x000002ee   Section        0  heapauxi.o(.text)
    .text                                    0x000002f4   Section        0  daddsub.o(.text)
    _dadd1                                   0x000002f5   Thumb Code   290  daddsub.o(.text)
    _dsub1                                   0x00000417   Thumb Code   470  daddsub.o(.text)
    .text                                    0x0000064c   Section        0  ddiv.o(.text)
    .text                                    0x00000a94   Section        0  dfixui.o(.text)
    .text                                    0x00000adc   Section        0  dflti.o(.text)
    .text                                    0x00000b34   Section        0  dmul.o(.text)
    .text                                    0x00000d7c   Section        0  f2d.o(.text)
    .text                                    0x00000dd0   Section        0  fdiv.o(.text)
    .text                                    0x00000f30   Section        0  ffixui.o(.text)
    .text                                    0x00000f60   Section        0  fflti.o(.text)
    .text                                    0x00000fbe   Section        0  _rserrno.o(.text)
    .text                                    0x00000fd4   Section        0  dcmpin.o(.text)
    .text                                    0x00001064   Section        0  dscalbn.o(.text)
    .text                                    0x000010c4   Section        8  rt_errno_addr_intlibspace.o(.text)
    .text                                    0x000010cc   Section        0  cmpret.o(.text)
    .text                                    0x000010fc   Section        0  dnan2.o(.text)
    .text                                    0x00001110   Section        0  dsqrt.o(.text)
    .text                                    0x00001210   Section        8  libspace.o(.text)
    .text                                    0x00001218   Section       62  sys_stackheap_outer.o(.text)
    .text                                    0x00001256   Section        0  exit.o(.text)
    .text                                    0x00001266   Section        0  retnan.o(.text)
    .text                                    0x000012c4   Section        0  sys_exit.o(.text)
    .text                                    0x000012d0   Section        2  use_no_semi.o(.text)
    .text                                    0x000012d2   Section        0  indicate_semi.o(.text)
    i.ADC_Calibration                        0x000012d4   Section        0  adc_api.o(i.ADC_Calibration)
    i.ADC_Close                              0x00001504   Section        0  adc_api.o(i.ADC_Close)
    i.ADC_Open                               0x00001544   Section        0  adc_api.o(i.ADC_Open)
    i.CheckCrc8                              0x000015a0   Section        0  fm33lf0_iic.o(i.CheckCrc8)
    i.CheckSystemTickTimer                   0x000015e0   Section        0  fm33lf0_timer.o(i.CheckSystemTickTimer)
    i.ClearSRAM                              0x00001610   Section        0  fm33lf0_system.o(i.ClearSRAM)
    i.CloseIIC                               0x00001638   Section        0  fm33lf0_iic.o(i.CloseIIC)
    i.CloseLpTimer                           0x00001694   Section        0  fm33lf0_timer.o(i.CloseLpTimer)
    i.ClosePWM                               0x000016f0   Section        0  fm33lf0_timer.o(i.ClosePWM)
    i.Day_TimerPrco                          0x00001730   Section        0  window_api.o(i.Day_TimerPrco)
    i.Debug_Mode                             0x000017d8   Section        0  window_api.o(i.Debug_Mode)
    i.FaultAlarmProc                         0x00001a8c   Section        0  alarm_api.o(i.FaultAlarmProc)
    i.FlashFunctionPrco                      0x00001ba4   Section        0  flash.o(i.FlashFunctionPrco)
    i.GPIO_IRQHandler                        0x00001df0   Section        0  keyboard_api.o(i.GPIO_IRQHandler)
    i.KEY_GPIO                               0x00001e28   Section        0  fm33lf0_system.o(i.KEY_GPIO)
    i.LCDDisplay                             0x00001ee4   Section        0  lcd_api.o(i.LCDDisplay)
    i.LCDDisplay_Char                        0x000024b4   Section        0  lcd_api.o(i.LCDDisplay_Char)
    i.LED_Calibration                        0x0000260c   Section        0  calibrate_led.o(i.LED_Calibration)
    i.LPTIM16_IRQHandler                     0x00002820   Section        0  window_api.o(i.LPTIM16_IRQHandler)
    i.Message_Process                        0x00002890   Section        0  message_process.o(i.Message_Process)
    i.OpenAlarmProc                          0x00002978   Section        0  alarm_api.o(i.OpenAlarmProc)
    i.OpenIIC                                0x00002a1c   Section        0  fm33lf0_iic.o(i.OpenIIC)
    i.OpenLCD                                0x00002ac0   Section        0  lcd_api.o(i.OpenLCD)
    i.OpenLpTimer                            0x00002b14   Section        0  fm33lf0_timer.o(i.OpenLpTimer)
    i.OpenPWM                                0x00002bb4   Section        0  fm33lf0_timer.o(i.OpenPWM)
    i.OpenTestAlarm                          0x00002c5c   Section        0  alarm_api.o(i.OpenTestAlarm)
    i.OpenWarningProc                        0x00002d10   Section        0  alarm_api.o(i.OpenWarningProc)
    i.PpmCountProc                           0x00002e14   Section        0  ppm_processing.o(i.PpmCountProc)
    i.RunADC_GatherProc                      0x00002f8c   Section        0  adc_api.o(i.RunADC_GatherProc)
    i.RunAHT21Proc                           0x00003474   Section        0  fm33lf0_iic.o(i.RunAHT21Proc)
    i.RunEle_DischargeProc                   0x000038c4   Section        0  adc_api.o(i.RunEle_DischargeProc)
    i.RunIICServerProc                       0x00003934   Section        0  fm33lf0_iic.o(i.RunIICServerProc)
    i.SYS_CLOCK_Init                         0x00003bc0   Section        0  fm33lf0_system.o(i.SYS_CLOCK_Init)
    i.SYS_GPIO_Init                          0x00003c68   Section        0  fm33lf0_system.o(i.SYS_GPIO_Init)
    i.ScanTestKeyProcess                     0x00003d10   Section        0  keyboard_api.o(i.ScanTestKeyProcess)
    i.SetSystemTickTimer                     0x00003da0   Section        0  fm33lf0_timer.o(i.SetSystemTickTimer)
    i.SysPowerOn                             0x00003dc8   Section        0  window_api.o(i.SysPowerOn)
    i.TestKeyDownEvent                       0x00003edc   Section        0  keyboard_api.o(i.TestKeyDownEvent)
    i.TestKeyUpEvent                         0x00003ef8   Section        0  keyboard_api.o(i.TestKeyUpEvent)
    i.__ARM_common_switch8                   0x00003fc0   Section        0  system_fm33lf0xx.o(i.__ARM_common_switch8)
    i.__ARM_fpclassify                       0x00003fdc   Section        0  fpclassify.o(i.__ARM_fpclassify)
    i.__kernel_poly                          0x00004008   Section        0  poly.o(i.__kernel_poly)
    i.__mathlib_dbl_divzero                  0x000040b4   Section        0  dunder.o(i.__mathlib_dbl_divzero)
    i.__mathlib_dbl_infnan2                  0x000040c8   Section        0  dunder.o(i.__mathlib_dbl_infnan2)
    i.__mathlib_dbl_invalid                  0x000040d0   Section        0  dunder.o(i.__mathlib_dbl_invalid)
    i.__mathlib_dbl_overflow                 0x000040e0   Section        0  dunder.o(i.__mathlib_dbl_overflow)
    i.__mathlib_dbl_underflow                0x000040f4   Section        0  dunder.o(i.__mathlib_dbl_underflow)
    i.main                                   0x00004108   Section        0  main.o(i.main)
    i.pow                                    0x000043b0   Section        0  pow.o(i.pow)
    i.sqrt                                   0x00004dac   Section        0  sqrt.o(i.sqrt)
    x$fpl$dleqf                              0x00004df4   Section      100  dlef.o(x$fpl$dleqf)
    x$fpl$drleqf                             0x00004e58   Section      104  drlef.o(x$fpl$drleqf)
    x$fpl$fadd                               0x00004ec0   Section      140  faddsub.o(x$fpl$fadd)
    _fadd1                                   0x00004ecd   Thumb Code     0  faddsub.o(x$fpl$fadd)
    x$fpl$fmul                               0x00004f4c   Section      176  fmul.o(x$fpl$fmul)
    x$fpl$fsub                               0x00004ffc   Section      208  faddsub.o(x$fpl$fsub)
    _fsub1                                   0x00005009   Thumb Code     0  faddsub.o(x$fpl$fsub)
    .constdata                               0x000050cc   Section       80  lcd_api.o(.constdata)
    x$fpl$usenofp                            0x000050cc   Section        0  usenofp.o(x$fpl$usenofp)
    .constdata                               0x0000511c   Section      128  ddiv.o(.constdata)
    ddiv_reciptbl                            0x0000511c   Data         128  ddiv.o(.constdata)
    .constdata                               0x0000519c   Section       64  fdiv.o(.constdata)
    fdiv_tab                                 0x0000519c   Data          64  fdiv.o(.constdata)
    .constdata                               0x000051e0   Section      136  pow.o(.constdata)
    bp                                       0x000051e0   Data          16  pow.o(.constdata)
    dp_h                                     0x000051f0   Data          16  pow.o(.constdata)
    dp_l                                     0x00005200   Data          16  pow.o(.constdata)
    L                                        0x00005210   Data          48  pow.o(.constdata)
    P                                        0x00005240   Data          40  pow.o(.constdata)
    .constdata                               0x00005268   Section        8  qnan.o(.constdata)
    .data                                    0x20000000   Section        2  keyboard_api.o(.data)
    .data                                    0x20000002   Section       10  window_api.o(.data)
    .data                                    0x2000000c   Section        3  lcd_api.o(.data)
    .data                                    0x2000000f   Section        3  fm33lf0_iic.o(.data)
    .data                                    0x20000012   Section       11  alarm_api.o(.data)
    .data                                    0x2000001d   Section        2  calibrate_led.o(.data)
    .bss                                     0x20000020   Section       52  fm33lf0_timer.o(.bss)
    .bss                                     0x20000054   Section       52  window_api.o(.bss)
    .bss                                     0x20000088   Section       34  adc_api.o(.bss)
    .bss                                     0x200000ac   Section       60  lcd_api.o(.bss)
    .bss                                     0x200000e8   Section       48  fm33lf0_iic.o(.bss)
    .bss                                     0x20000118   Section       15  flash.o(.bss)
    .bss                                     0x20000128   Section       36  ppm_processing.o(.bss)
    .bss                                     0x2000014c   Section       96  libspace.o(.bss)
    HEAP                                     0x200001b0   Section     2048  startup_fm33lf0xx.o(HEAP)
    Heap_Mem                                 0x200001b0   Data        2048  startup_fm33lf0xx.o(HEAP)
    STACK                                    0x200009b0   Section     2048  startup_fm33lf0xx.o(STACK)
    Stack_Mem                                0x200009b0   Data        2048  startup_fm33lf0xx.o(STACK)
    __initial_sp                             0x200011b0   Data           0  startup_fm33lf0xx.o(STACK)

    Global Symbols

    Symbol Name                              Value     Ov Type        Size  Object(Section)

    BuildAttributes$$THM_ISAv3M$S$PE$A:L22$X:L11$S22$IEEE1$IW$USESV6$~STKCKD$USESV7$~SHL$OTIME$ROPI$IEEEX$EBA8$UX$STANDARDLIB$REQ8$PRES8$EABIv2 0x00000000   Number         0  anon$$obj.o ABSOLUTE
    __ARM_use_no_argv                        0x00000000   Number         0  main.o ABSOLUTE
    __Vectors                                0x00000000   Data           4  startup_fm33lf0xx.o(RESET)
    __ARM_exceptions_init                     - Undefined Weak Reference
    __alloca_initialize                       - Undefined Weak Reference
    __arm_fini_                               - Undefined Weak Reference
    __arm_preinit_                            - Undefined Weak Reference
    __cpp_initialize__aeabi_                  - Undefined Weak Reference
    __cxa_finalize                            - Undefined Weak Reference
    __rt_locale                               - Undefined Weak Reference
    __sigvec_lookup                           - Undefined Weak Reference
    _atexit_init                              - Undefined Weak Reference
    _call_atexit_fns                          - Undefined Weak Reference
    _clock_init                               - Undefined Weak Reference
    _fp_trap_init                             - Undefined Weak Reference
    _fp_trap_shutdown                         - Undefined Weak Reference
    _get_lc_collate                           - Undefined Weak Reference
    _get_lc_ctype                             - Undefined Weak Reference
    _get_lc_monetary                          - Undefined Weak Reference
    _get_lc_numeric                           - Undefined Weak Reference
    _get_lc_time                              - Undefined Weak Reference
    _getenv_init                              - Undefined Weak Reference
    _handle_redirection                       - Undefined Weak Reference
    _init_alloc                               - Undefined Weak Reference
    _init_user_alloc                          - Undefined Weak Reference
    _initio                                   - Undefined Weak Reference
    _rand_init                                - Undefined Weak Reference
    _signal_finish                            - Undefined Weak Reference
    _signal_init                              - Undefined Weak Reference
    _terminate_alloc                          - Undefined Weak Reference
    _terminate_user_alloc                     - Undefined Weak Reference
    _terminateio                              - Undefined Weak Reference
    __Vectors_End                            0x000000c0   Data           0  startup_fm33lf0xx.o(RESET)
    __Vectors_Size                           0x000000c0   Number         0  startup_fm33lf0xx.o ABSOLUTE
    __main                                   0x000000c1   Thumb Code     8  __main.o(!!!main)
    __scatterload                            0x000000c9   Thumb Code     0  __scatter.o(!!!scatter)
    __scatterload_rt2                        0x000000c9   Thumb Code    52  __scatter.o(!!!scatter)
    __scatterload_rt2_thumb_only             0x000000c9   Thumb Code     0  __scatter.o(!!!scatter)
    __scatterload_null                       0x000000d9   Thumb Code     0  __scatter.o(!!!scatter)
    __scatterload_copy                       0x00000105   Thumb Code    26  __scatter_copy.o(!!handler_copy)
    __scatterload_zeroinit                   0x00000121   Thumb Code    28  __scatter_zi.o(!!handler_zi)
    __rt_lib_init                            0x0000013d   Thumb Code     0  libinit.o(.ARM.Collect$$libinit$$00000000)
    __rt_lib_init_alloca_1                   0x0000013f   Thumb Code     0  libinit2.o(.ARM.Collect$$libinit$$0000002E)
    __rt_lib_init_argv_1                     0x0000013f   Thumb Code     0  libinit2.o(.ARM.Collect$$libinit$$0000002C)
    __rt_lib_init_atexit_1                   0x0000013f   Thumb Code     0  libinit2.o(.ARM.Collect$$libinit$$0000001B)
    __rt_lib_init_clock_1                    0x0000013f   Thumb Code     0  libinit2.o(.ARM.Collect$$libinit$$00000021)
    __rt_lib_init_cpp_1                      0x0000013f   Thumb Code     0  libinit2.o(.ARM.Collect$$libinit$$00000032)
    __rt_lib_init_exceptions_1               0x0000013f   Thumb Code     0  libinit2.o(.ARM.Collect$$libinit$$00000030)
    __rt_lib_init_fp_1                       0x0000013f   Thumb Code     0  libinit2.o(.ARM.Collect$$libinit$$00000002)
    __rt_lib_init_fp_trap_1                  0x0000013f   Thumb Code     0  libinit2.o(.ARM.Collect$$libinit$$0000001F)
    __rt_lib_init_getenv_1                   0x0000013f   Thumb Code     0  libinit2.o(.ARM.Collect$$libinit$$00000023)
    __rt_lib_init_heap_1                     0x0000013f   Thumb Code     0  libinit2.o(.ARM.Collect$$libinit$$0000000A)
    __rt_lib_init_lc_collate_1               0x0000013f   Thumb Code     0  libinit2.o(.ARM.Collect$$libinit$$00000011)
    __rt_lib_init_lc_ctype_1                 0x0000013f   Thumb Code     0  libinit2.o(.ARM.Collect$$libinit$$00000013)
    __rt_lib_init_lc_monetary_1              0x0000013f   Thumb Code     0  libinit2.o(.ARM.Collect$$libinit$$00000015)
    __rt_lib_init_lc_numeric_1               0x0000013f   Thumb Code     0  libinit2.o(.ARM.Collect$$libinit$$00000017)
    __rt_lib_init_lc_time_1                  0x0000013f   Thumb Code     0  libinit2.o(.ARM.Collect$$libinit$$00000019)
    __rt_lib_init_preinit_1                  0x0000013f   Thumb Code     0  libinit2.o(.ARM.Collect$$libinit$$00000004)
    __rt_lib_init_rand_1                     0x0000013f   Thumb Code     0  libinit2.o(.ARM.Collect$$libinit$$0000000E)
    __rt_lib_init_return                     0x0000013f   Thumb Code     0  libinit2.o(.ARM.Collect$$libinit$$00000033)
    __rt_lib_init_signal_1                   0x0000013f   Thumb Code     0  libinit2.o(.ARM.Collect$$libinit$$0000001D)
    __rt_lib_init_stdio_1                    0x0000013f   Thumb Code     0  libinit2.o(.ARM.Collect$$libinit$$00000025)
    __rt_lib_init_user_alloc_1               0x0000013f   Thumb Code     0  libinit2.o(.ARM.Collect$$libinit$$0000000C)
    __rt_lib_shutdown                        0x00000141   Thumb Code     0  libshutdown.o(.ARM.Collect$$libshutdown$$00000000)
    __rt_lib_shutdown_cpp_1                  0x00000143   Thumb Code     0  libshutdown2.o(.ARM.Collect$$libshutdown$$00000004)
    __rt_lib_shutdown_fini_1                 0x00000143   Thumb Code     0  libshutdown2.o(.ARM.Collect$$libshutdown$$00000002)
    __rt_lib_shutdown_fp_trap_1              0x00000143   Thumb Code     0  libshutdown2.o(.ARM.Collect$$libshutdown$$00000009)
    __rt_lib_shutdown_heap_1                 0x00000143   Thumb Code     0  libshutdown2.o(.ARM.Collect$$libshutdown$$00000011)
    __rt_lib_shutdown_return                 0x00000143   Thumb Code     0  libshutdown2.o(.ARM.Collect$$libshutdown$$00000012)
    __rt_lib_shutdown_signal_1               0x00000143   Thumb Code     0  libshutdown2.o(.ARM.Collect$$libshutdown$$0000000C)
    __rt_lib_shutdown_stdio_1                0x00000143   Thumb Code     0  libshutdown2.o(.ARM.Collect$$libshutdown$$00000006)
    __rt_lib_shutdown_user_alloc_1           0x00000143   Thumb Code     0  libshutdown2.o(.ARM.Collect$$libshutdown$$0000000E)
    __rt_entry                               0x00000145   Thumb Code     0  __rtentry.o(.ARM.Collect$$rtentry$$00000000)
    __rt_entry_presh_1                       0x00000145   Thumb Code     0  __rtentry2.o(.ARM.Collect$$rtentry$$00000002)
    __rt_entry_sh                            0x00000145   Thumb Code     0  __rtentry4.o(.ARM.Collect$$rtentry$$00000004)
    __rt_entry_li                            0x0000014b   Thumb Code     0  __rtentry2.o(.ARM.Collect$$rtentry$$0000000A)
    __rt_entry_postsh_1                      0x0000014b   Thumb Code     0  __rtentry2.o(.ARM.Collect$$rtentry$$00000009)
    __rt_entry_main                          0x0000014f   Thumb Code     0  __rtentry2.o(.ARM.Collect$$rtentry$$0000000D)
    __rt_entry_postli_1                      0x0000014f   Thumb Code     0  __rtentry2.o(.ARM.Collect$$rtentry$$0000000C)
    __rt_exit                                0x00000157   Thumb Code     0  rtexit.o(.ARM.Collect$$rtexit$$00000000)
    __rt_exit_ls                             0x00000159   Thumb Code     0  rtexit2.o(.ARM.Collect$$rtexit$$00000003)
    __rt_exit_prels_1                        0x00000159   Thumb Code     0  rtexit2.o(.ARM.Collect$$rtexit$$00000002)
    __rt_exit_exit                           0x0000015d   Thumb Code     0  rtexit2.o(.ARM.Collect$$rtexit$$00000004)
    Reset_Handler                            0x00000165   Thumb Code     4  startup_fm33lf0xx.o(.text)
    NMI_Handler                              0x00000169   Thumb Code     2  startup_fm33lf0xx.o(.text)
    HardFault_Handler                        0x0000016b   Thumb Code     2  startup_fm33lf0xx.o(.text)
    SVC_Handler                              0x0000016d   Thumb Code     2  startup_fm33lf0xx.o(.text)
    PendSV_Handler                           0x0000016f   Thumb Code     2  startup_fm33lf0xx.o(.text)
    SysTick_Handler                          0x00000171   Thumb Code     2  startup_fm33lf0xx.o(.text)
    ADC_IRQHandler                           0x00000173   Thumb Code     0  startup_fm33lf0xx.o(.text)
    AES_IRQHandler                           0x00000173   Thumb Code     0  startup_fm33lf0xx.o(.text)
    ATIM_IRQHandler                          0x00000173   Thumb Code     0  startup_fm33lf0xx.o(.text)
    BSTIM16_IRQHandler                       0x00000173   Thumb Code     0  startup_fm33lf0xx.o(.text)
    CLM_PGL_IRQHandler                       0x00000173   Thumb Code     0  startup_fm33lf0xx.o(.text)
    COMPx_IRQHandler                         0x00000173   Thumb Code     0  startup_fm33lf0xx.o(.text)
    DAC_IRQHandler                           0x00000173   Thumb Code     0  startup_fm33lf0xx.o(.text)
    DMA_IRQHandler                           0x00000173   Thumb Code     0  startup_fm33lf0xx.o(.text)
    FDET_IRQHandler                          0x00000173   Thumb Code     0  startup_fm33lf0xx.o(.text)
    FLASH_IRQHandler                         0x00000173   Thumb Code     0  startup_fm33lf0xx.o(.text)
    FSCAN_IRQHandler                         0x00000173   Thumb Code     0  startup_fm33lf0xx.o(.text)
    GPTIM0_IRQHandler                        0x00000173   Thumb Code     0  startup_fm33lf0xx.o(.text)
    GPTIM1_IRQHandler                        0x00000173   Thumb Code     0  startup_fm33lf0xx.o(.text)
    I2CSMBx_IRQHandler                       0x00000173   Thumb Code     0  startup_fm33lf0xx.o(.text)
    LED_LCD_IRQHandler                       0x00000173   Thumb Code     0  startup_fm33lf0xx.o(.text)
    LPUARTx_IRQHandler                       0x00000173   Thumb Code     0  startup_fm33lf0xx.o(.text)
    RAMP_IRQHandler                          0x00000173   Thumb Code     0  startup_fm33lf0xx.o(.text)
    RTC_IRQHandler                           0x00000173   Thumb Code     0  startup_fm33lf0xx.o(.text)
    SENTx_IRQHandler                         0x00000173   Thumb Code     0  startup_fm33lf0xx.o(.text)
    SPI0_IRQHandler                          0x00000173   Thumb Code     0  startup_fm33lf0xx.o(.text)
    SPI1_IRQHandler                          0x00000173   Thumb Code     0  startup_fm33lf0xx.o(.text)
    SVD_IRQHandler                           0x00000173   Thumb Code     0  startup_fm33lf0xx.o(.text)
    TAU0_IRQHandler                          0x00000173   Thumb Code     0  startup_fm33lf0xx.o(.text)
    UART0_IRQHandler                         0x00000173   Thumb Code     0  startup_fm33lf0xx.o(.text)
    UART1_IRQHandler                         0x00000173   Thumb Code     0  startup_fm33lf0xx.o(.text)
    UART2_IRQHandler                         0x00000173   Thumb Code     0  startup_fm33lf0xx.o(.text)
    UART3_IRQHandler                         0x00000173   Thumb Code     0  startup_fm33lf0xx.o(.text)
    UART4_IRQHandler                         0x00000173   Thumb Code     0  startup_fm33lf0xx.o(.text)
    WDT_IRQHandler                           0x00000173   Thumb Code     0  startup_fm33lf0xx.o(.text)
    WKUPx_IRQHandler                         0x00000173   Thumb Code     0  startup_fm33lf0xx.o(.text)
    __user_initial_stackheap                 0x00000175   Thumb Code     0  startup_fm33lf0xx.o(.text)
    __aeabi_uidiv                            0x00000195   Thumb Code     0  aeabi_sdiv.o(.text)
    __aeabi_uidivmod                         0x00000195   Thumb Code    20  aeabi_sdiv.o(.text)
    __aeabi_idiv                             0x000001a9   Thumb Code     0  aeabi_sdiv.o(.text)
    __aeabi_idivmod                          0x000001a9   Thumb Code   326  aeabi_sdiv.o(.text)
    __use_two_region_memory                  0x000002ef   Thumb Code     2  heapauxi.o(.text)
    __rt_heap_escrow$2region                 0x000002f1   Thumb Code     2  heapauxi.o(.text)
    __rt_heap_expand$2region                 0x000002f3   Thumb Code     2  heapauxi.o(.text)
    __aeabi_dadd                             0x000005ed   Thumb Code     0  daddsub.o(.text)
    _dadd                                    0x000005ed   Thumb Code    26  daddsub.o(.text)
    __aeabi_dsub                             0x00000607   Thumb Code     0  daddsub.o(.text)
    _dsub                                    0x00000607   Thumb Code    22  daddsub.o(.text)
    __aeabi_drsub                            0x0000061d   Thumb Code     0  daddsub.o(.text)
    _drsb                                    0x0000061d   Thumb Code    28  daddsub.o(.text)
    __aeabi_ddiv                             0x0000064d   Thumb Code     0  ddiv.o(.text)
    _ddiv                                    0x0000064d   Thumb Code  1072  ddiv.o(.text)
    _drdiv                                   0x00000a7d   Thumb Code    20  ddiv.o(.text)
    __aeabi_d2uiz                            0x00000a95   Thumb Code     0  dfixui.o(.text)
    _dfixu                                   0x00000a95   Thumb Code    68  dfixui.o(.text)
    __aeabi_i2d_normalise                    0x00000add   Thumb Code    66  dflti.o(.text)
    __aeabi_i2d                              0x00000b1f   Thumb Code    16  dflti.o(.text)
    _dflt                                    0x00000b1f   Thumb Code     0  dflti.o(.text)
    __aeabi_ui2d                             0x00000b2f   Thumb Code     6  dflti.o(.text)
    _dfltu                                   0x00000b2f   Thumb Code     0  dflti.o(.text)
    __aeabi_dmul                             0x00000b35   Thumb Code     0  dmul.o(.text)
    _dmul                                    0x00000b35   Thumb Code   558  dmul.o(.text)
    __aeabi_f2d                              0x00000d7d   Thumb Code     0  f2d.o(.text)
    _f2d                                     0x00000d7d   Thumb Code    80  f2d.o(.text)
    __aeabi_fdiv                             0x00000dd1   Thumb Code     0  fdiv.o(.text)
    _fdiv                                    0x00000dd1   Thumb Code   334  fdiv.o(.text)
    _frdiv                                   0x00000f1f   Thumb Code     8  fdiv.o(.text)
    __aeabi_f2uiz                            0x00000f31   Thumb Code     0  ffixui.o(.text)
    _ffixu                                   0x00000f31   Thumb Code    48  ffixui.o(.text)
    __aeabi_i2f_normalise                    0x00000f61   Thumb Code    72  fflti.o(.text)
    __aeabi_i2f                              0x00000fa9   Thumb Code    16  fflti.o(.text)
    _fflt                                    0x00000fa9   Thumb Code     0  fflti.o(.text)
    __aeabi_ui2f                             0x00000fb9   Thumb Code     6  fflti.o(.text)
    _ffltu                                   0x00000fb9   Thumb Code     0  fflti.o(.text)
    __read_errno                             0x00000fbf   Thumb Code    10  _rserrno.o(.text)
    __set_errno                              0x00000fc9   Thumb Code    12  _rserrno.o(.text)
    __fpl_dcmp_InfNaN                        0x00000fd5   Thumb Code   140  dcmpin.o(.text)
    __ARM_scalbn                             0x00001065   Thumb Code    84  dscalbn.o(.text)
    __aeabi_errno_addr                       0x000010c5   Thumb Code     8  rt_errno_addr_intlibspace.o(.text)
    __errno$intlibspace                      0x000010c5   Thumb Code     0  rt_errno_addr_intlibspace.o(.text)
    __rt_errno_addr$intlibspace              0x000010c5   Thumb Code     0  rt_errno_addr_intlibspace.o(.text)
    __fpl_cmpreturn                          0x000010cd   Thumb Code    46  cmpret.o(.text)
    __fpl_dcheck_NaN2                        0x000010fd   Thumb Code    14  dnan2.o(.text)
    _dsqrt                                   0x00001111   Thumb Code   248  dsqrt.o(.text)
    __user_libspace                          0x00001211   Thumb Code     8  libspace.o(.text)
    __user_perproc_libspace                  0x00001211   Thumb Code     0  libspace.o(.text)
    __user_perthread_libspace                0x00001211   Thumb Code     0  libspace.o(.text)
    __user_setup_stackheap                   0x00001219   Thumb Code    62  sys_stackheap_outer.o(.text)
    exit                                     0x00001257   Thumb Code    16  exit.o(.text)
    __fpl_return_NaN                         0x00001267   Thumb Code    94  retnan.o(.text)
    _sys_exit                                0x000012c5   Thumb Code     8  sys_exit.o(.text)
    __I$use$semihosting                      0x000012d1   Thumb Code     0  use_no_semi.o(.text)
    __use_no_semihosting_swi                 0x000012d1   Thumb Code     2  use_no_semi.o(.text)
    __semihosting_library_function           0x000012d3   Thumb Code     0  indicate_semi.o(.text)
    ADC_Calibration                          0x000012d5   Thumb Code   512  adc_api.o(i.ADC_Calibration)
    ADC_Close                                0x00001505   Thumb Code    46  adc_api.o(i.ADC_Close)
    ADC_Open                                 0x00001545   Thumb Code    74  adc_api.o(i.ADC_Open)
    CheckCrc8                                0x000015a1   Thumb Code    62  fm33lf0_iic.o(i.CheckCrc8)
    CheckSystemTickTimer                     0x000015e1   Thumb Code    40  fm33lf0_timer.o(i.CheckSystemTickTimer)
    ClearSRAM                                0x00001611   Thumb Code    38  fm33lf0_system.o(i.ClearSRAM)
    CloseIIC                                 0x00001639   Thumb Code    76  fm33lf0_iic.o(i.CloseIIC)
    CloseLpTimer                             0x00001695   Thumb Code    78  fm33lf0_timer.o(i.CloseLpTimer)
    ClosePWM                                 0x000016f1   Thumb Code    54  fm33lf0_timer.o(i.ClosePWM)
    Day_TimerPrco                            0x00001731   Thumb Code   156  window_api.o(i.Day_TimerPrco)
    Debug_Mode                               0x000017d9   Thumb Code   648  window_api.o(i.Debug_Mode)
    FaultAlarmProc                           0x00001a8d   Thumb Code   258  alarm_api.o(i.FaultAlarmProc)
    FlashFunctionPrco                        0x00001ba5   Thumb Code   548  flash.o(i.FlashFunctionPrco)
    GPIO_IRQHandler                          0x00001df1   Thumb Code    48  keyboard_api.o(i.GPIO_IRQHandler)
    KEY_GPIO                                 0x00001e29   Thumb Code   170  fm33lf0_system.o(i.KEY_GPIO)
    LCDDisplay                               0x00001ee5   Thumb Code  1472  lcd_api.o(i.LCDDisplay)
    LCDDisplay_Char                          0x000024b5   Thumb Code   332  lcd_api.o(i.LCDDisplay_Char)
    LED_Calibration                          0x0000260d   Thumb Code   516  calibrate_led.o(i.LED_Calibration)
    LPTIM16_IRQHandler                       0x00002821   Thumb Code   102  window_api.o(i.LPTIM16_IRQHandler)
    Message_Process                          0x00002891   Thumb Code   206  message_process.o(i.Message_Process)
    OpenAlarmProc                            0x00002979   Thumb Code   148  alarm_api.o(i.OpenAlarmProc)
    OpenIIC                                  0x00002a1d   Thumb Code   136  fm33lf0_iic.o(i.OpenIIC)
    OpenLCD                                  0x00002ac1   Thumb Code    62  lcd_api.o(i.OpenLCD)
    OpenLpTimer                              0x00002b15   Thumb Code   148  fm33lf0_timer.o(i.OpenLpTimer)
    OpenPWM                                  0x00002bb5   Thumb Code   156  fm33lf0_timer.o(i.OpenPWM)
    OpenTestAlarm                            0x00002c5d   Thumb Code   162  alarm_api.o(i.OpenTestAlarm)
    OpenWarningProc                          0x00002d11   Thumb Code   234  alarm_api.o(i.OpenWarningProc)
    PpmCountProc                             0x00002e15   Thumb Code   360  ppm_processing.o(i.PpmCountProc)
    RunADC_GatherProc                        0x00002f8d   Thumb Code  1238  adc_api.o(i.RunADC_GatherProc)
    RunAHT21Proc                             0x00003475   Thumb Code  1082  fm33lf0_iic.o(i.RunAHT21Proc)
    RunEle_DischargeProc                     0x000038c5   Thumb Code    98  adc_api.o(i.RunEle_DischargeProc)
    RunIICServerProc                         0x00003935   Thumb Code   638  fm33lf0_iic.o(i.RunIICServerProc)
    SYS_CLOCK_Init                           0x00003bc1   Thumb Code   134  fm33lf0_system.o(i.SYS_CLOCK_Init)
    SYS_GPIO_Init                            0x00003c69   Thumb Code   142  fm33lf0_system.o(i.SYS_GPIO_Init)
    ScanTestKeyProcess                       0x00003d11   Thumb Code   136  keyboard_api.o(i.ScanTestKeyProcess)
    SetSystemTickTimer                       0x00003da1   Thumb Code    36  fm33lf0_timer.o(i.SetSystemTickTimer)
    SysPowerOn                               0x00003dc9   Thumb Code   244  window_api.o(i.SysPowerOn)
    TestKeyDownEvent                         0x00003edd   Thumb Code    18  keyboard_api.o(i.TestKeyDownEvent)
    TestKeyUpEvent                           0x00003ef9   Thumb Code   170  keyboard_api.o(i.TestKeyUpEvent)
    __ARM_common_switch8                     0x00003fc1   Thumb Code    28  system_fm33lf0xx.o(i.__ARM_common_switch8)
    __ARM_fpclassify                         0x00003fdd   Thumb Code    40  fpclassify.o(i.__ARM_fpclassify)
    __kernel_poly                            0x00004009   Thumb Code   172  poly.o(i.__kernel_poly)
    __mathlib_dbl_divzero                    0x000040b5   Thumb Code    16  dunder.o(i.__mathlib_dbl_divzero)
    __mathlib_dbl_infnan2                    0x000040c9   Thumb Code     8  dunder.o(i.__mathlib_dbl_infnan2)
    __mathlib_dbl_invalid                    0x000040d1   Thumb Code    16  dunder.o(i.__mathlib_dbl_invalid)
    __mathlib_dbl_overflow                   0x000040e1   Thumb Code    16  dunder.o(i.__mathlib_dbl_overflow)
    __mathlib_dbl_underflow                  0x000040f5   Thumb Code    14  dunder.o(i.__mathlib_dbl_underflow)
    main                                     0x00004109   Thumb Code   600  main.o(i.main)
    pow                                      0x000043b1   Thumb Code  2548  pow.o(i.pow)
    sqrt                                     0x00004dad   Thumb Code    66  sqrt.o(i.sqrt)
    __aeabi_cdcmple                          0x00004df5   Thumb Code     0  dlef.o(x$fpl$dleqf)
    _dcmple                                  0x00004df5   Thumb Code    94  dlef.o(x$fpl$dleqf)
    __aeabi_cdrcmple                         0x00004e59   Thumb Code     0  drlef.o(x$fpl$drleqf)
    _drcmple                                 0x00004e59   Thumb Code   100  drlef.o(x$fpl$drleqf)
    __aeabi_fadd                             0x00004ec1   Thumb Code     0  faddsub.o(x$fpl$fadd)
    _fadd                                    0x00004ec1   Thumb Code   134  faddsub.o(x$fpl$fadd)
    __aeabi_fmul                             0x00004f4d   Thumb Code     0  fmul.o(x$fpl$fmul)
    _fmul                                    0x00004f4d   Thumb Code   172  fmul.o(x$fpl$fmul)
    __aeabi_fsub                             0x00004ffd   Thumb Code     0  faddsub.o(x$fpl$fsub)
    _fsub                                    0x00004ffd   Thumb Code   204  faddsub.o(x$fpl$fsub)
    __I$use$fp                               0x000050cc   Number         0  usenofp.o(x$fpl$usenofp)
    array                                    0x000050cc   Data          80  lcd_api.o(.constdata)
    __mathlib_zero                           0x00005268   Data           8  qnan.o(.constdata)
    Region$$Table$$Base                      0x00005270   Number         0  anon$$obj.o(Region$$Table)
    Region$$Table$$Limit                     0x00005290   Number         0  anon$$obj.o(Region$$Table)
    Key                                      0x20000000   Data           2  keyboard_api.o(.data)
    System                                   0x20000002   Data           3  window_api.o(.data)
    Debug                                    0x20000005   Data           5  window_api.o(.data)
    DayTimer                                 0x2000000a   Data           2  window_api.o(.data)
    DisplayChar                              0x2000000c   Data           3  lcd_api.o(.data)
    AHT                                      0x2000000f   Data           3  fm33lf0_iic.o(.data)
    Alarm                                    0x20000012   Data           6  alarm_api.o(.data)
    FaultAlarm                               0x20000018   Data           5  alarm_api.o(.data)
    CalLED                                   0x2000001d   Data           2  calibrate_led.o(.data)
    Timer                                    0x20000020   Data          52  fm33lf0_timer.o(.bss)
    Lptimer                                  0x20000054   Data          12  window_api.o(.bss)
    LowRom                                   0x20000060   Data          40  window_api.o(.bss)
    ADC_struct                               0x20000088   Data          34  adc_api.o(.bss)
    dispBuf                                  0x200000ac   Data          40  lcd_api.o(.bss)
    Display                                  0x200000d4   Data          20  lcd_api.o(.bss)
    ReceiveArr                               0x200000e8   Data          10  fm33lf0_iic.o(.bss)
    SendArr                                  0x200000f2   Data          10  fm33lf0_iic.o(.bss)
    I2C                                      0x200000fc   Data          28  fm33lf0_iic.o(.bss)
    Flash                                    0x20000118   Data          15  flash.o(.bss)
    PpmCount                                 0x20000128   Data          36  ppm_processing.o(.bss)
    __libspace_start                         0x2000014c   Data          96  libspace.o(.bss)
    __temporary_stack_top$libspace           0x200001ac   Data           0  libspace.o(.bss)



==============================================================================

Memory Map of the image

  Image Entry point : 0x000000c1

  Load Region LR_IROM1 (Base: 0x00000000, Size: 0x000052b0, Max: 0x00010000, ABSOLUTE)

    Execution Region ER_IROM1 (Exec base: 0x00000000, Load base: 0x00000000, Size: 0x00005290, Max: 0x00010000, ABSOLUTE)

    Exec Addr    Load Addr    Size         Type   Attr      Idx    E Section Name        Object

    0x00000000   0x00000000   0x000000c0   Data   RO           60    RESET               startup_fm33lf0xx.o
    0x000000c0   0x000000c0   0x00000008   Code   RO         1953  * !!!main             c_p.l(__main.o)
    0x000000c8   0x000000c8   0x0000003c   Code   RO         2215    !!!scatter          c_p.l(__scatter.o)
    0x00000104   0x00000104   0x0000001a   Code   RO         2217    !!handler_copy      c_p.l(__scatter_copy.o)
    0x0000011e   0x0000011e   0x00000002   PAD
    0x00000120   0x00000120   0x0000001c   Code   RO         2219    !!handler_zi        c_p.l(__scatter_zi.o)
    0x0000013c   0x0000013c   0x00000002   Code   RO         2083    .ARM.Collect$$libinit$$00000000  c_p.l(libinit.o)
    0x0000013e   0x0000013e   0x00000000   Code   RO         2096    .ARM.Collect$$libinit$$00000002  c_p.l(libinit2.o)
    0x0000013e   0x0000013e   0x00000000   Code   RO         2098    .ARM.Collect$$libinit$$00000004  c_p.l(libinit2.o)
    0x0000013e   0x0000013e   0x00000000   Code   RO         2101    .ARM.Collect$$libinit$$0000000A  c_p.l(libinit2.o)
    0x0000013e   0x0000013e   0x00000000   Code   RO         2103    .ARM.Collect$$libinit$$0000000C  c_p.l(libinit2.o)
    0x0000013e   0x0000013e   0x00000000   Code   RO         2105    .ARM.Collect$$libinit$$0000000E  c_p.l(libinit2.o)
    0x0000013e   0x0000013e   0x00000000   Code   RO         2108    .ARM.Collect$$libinit$$00000011  c_p.l(libinit2.o)
    0x0000013e   0x0000013e   0x00000000   Code   RO         2110    .ARM.Collect$$libinit$$00000013  c_p.l(libinit2.o)
    0x0000013e   0x0000013e   0x00000000   Code   RO         2112    .ARM.Collect$$libinit$$00000015  c_p.l(libinit2.o)
    0x0000013e   0x0000013e   0x00000000   Code   RO         2114    .ARM.Collect$$libinit$$00000017  c_p.l(libinit2.o)
    0x0000013e   0x0000013e   0x00000000   Code   RO         2116    .ARM.Collect$$libinit$$00000019  c_p.l(libinit2.o)
    0x0000013e   0x0000013e   0x00000000   Code   RO         2118    .ARM.Collect$$libinit$$0000001B  c_p.l(libinit2.o)
    0x0000013e   0x0000013e   0x00000000   Code   RO         2120    .ARM.Collect$$libinit$$0000001D  c_p.l(libinit2.o)
    0x0000013e   0x0000013e   0x00000000   Code   RO         2122    .ARM.Collect$$libinit$$0000001F  c_p.l(libinit2.o)
    0x0000013e   0x0000013e   0x00000000   Code   RO         2124    .ARM.Collect$$libinit$$00000021  c_p.l(libinit2.o)
    0x0000013e   0x0000013e   0x00000000   Code   RO         2126    .ARM.Collect$$libinit$$00000023  c_p.l(libinit2.o)
    0x0000013e   0x0000013e   0x00000000   Code   RO         2128    .ARM.Collect$$libinit$$00000025  c_p.l(libinit2.o)
    0x0000013e   0x0000013e   0x00000000   Code   RO         2132    .ARM.Collect$$libinit$$0000002C  c_p.l(libinit2.o)
    0x0000013e   0x0000013e   0x00000000   Code   RO         2134    .ARM.Collect$$libinit$$0000002E  c_p.l(libinit2.o)
    0x0000013e   0x0000013e   0x00000000   Code   RO         2136    .ARM.Collect$$libinit$$00000030  c_p.l(libinit2.o)
    0x0000013e   0x0000013e   0x00000000   Code   RO         2138    .ARM.Collect$$libinit$$00000032  c_p.l(libinit2.o)
    0x0000013e   0x0000013e   0x00000002   Code   RO         2139    .ARM.Collect$$libinit$$00000033  c_p.l(libinit2.o)
    0x00000140   0x00000140   0x00000002   Code   RO         2170    .ARM.Collect$$libshutdown$$00000000  c_p.l(libshutdown.o)
    0x00000142   0x00000142   0x00000000   Code   RO         2196    .ARM.Collect$$libshutdown$$00000002  c_p.l(libshutdown2.o)
    0x00000142   0x00000142   0x00000000   Code   RO         2198    .ARM.Collect$$libshutdown$$00000004  c_p.l(libshutdown2.o)
    0x00000142   0x00000142   0x00000000   Code   RO         2200    .ARM.Collect$$libshutdown$$00000006  c_p.l(libshutdown2.o)
    0x00000142   0x00000142   0x00000000   Code   RO         2203    .ARM.Collect$$libshutdown$$00000009  c_p.l(libshutdown2.o)
    0x00000142   0x00000142   0x00000000   Code   RO         2206    .ARM.Collect$$libshutdown$$0000000C  c_p.l(libshutdown2.o)
    0x00000142   0x00000142   0x00000000   Code   RO         2208    .ARM.Collect$$libshutdown$$0000000E  c_p.l(libshutdown2.o)
    0x00000142   0x00000142   0x00000000   Code   RO         2211    .ARM.Collect$$libshutdown$$00000011  c_p.l(libshutdown2.o)
    0x00000142   0x00000142   0x00000002   Code   RO         2212    .ARM.Collect$$libshutdown$$00000012  c_p.l(libshutdown2.o)
    0x00000144   0x00000144   0x00000000   Code   RO         1999    .ARM.Collect$$rtentry$$00000000  c_p.l(__rtentry.o)
    0x00000144   0x00000144   0x00000000   Code   RO         2039    .ARM.Collect$$rtentry$$00000002  c_p.l(__rtentry2.o)
    0x00000144   0x00000144   0x00000006   Code   RO         2051    .ARM.Collect$$rtentry$$00000004  c_p.l(__rtentry4.o)
    0x0000014a   0x0000014a   0x00000000   Code   RO         2041    .ARM.Collect$$rtentry$$00000009  c_p.l(__rtentry2.o)
    0x0000014a   0x0000014a   0x00000004   Code   RO         2042    .ARM.Collect$$rtentry$$0000000A  c_p.l(__rtentry2.o)
    0x0000014e   0x0000014e   0x00000000   Code   RO         2044    .ARM.Collect$$rtentry$$0000000C  c_p.l(__rtentry2.o)
    0x0000014e   0x0000014e   0x00000008   Code   RO         2045    .ARM.Collect$$rtentry$$0000000D  c_p.l(__rtentry2.o)
    0x00000156   0x00000156   0x00000002   Code   RO         2087    .ARM.Collect$$rtexit$$00000000  c_p.l(rtexit.o)
    0x00000158   0x00000158   0x00000000   Code   RO         2143    .ARM.Collect$$rtexit$$00000002  c_p.l(rtexit2.o)
    0x00000158   0x00000158   0x00000004   Code   RO         2144    .ARM.Collect$$rtexit$$00000003  c_p.l(rtexit2.o)
    0x0000015c   0x0000015c   0x00000006   Code   RO         2145    .ARM.Collect$$rtexit$$00000004  c_p.l(rtexit2.o)
    0x00000162   0x00000162   0x00000002   PAD
    0x00000164   0x00000164   0x00000030   Code   RO           61    .text               startup_fm33lf0xx.o
    0x00000194   0x00000194   0x0000015a   Code   RO         1947    .text               c_p.l(aeabi_sdiv.o)
    0x000002ee   0x000002ee   0x00000006   Code   RO         1951    .text               c_p.l(heapauxi.o)
    0x000002f4   0x000002f4   0x00000358   Code   RO         1957    .text               fz_ps.l(daddsub.o)
    0x0000064c   0x0000064c   0x00000448   Code   RO         1959    .text               fz_ps.l(ddiv.o)
    0x00000a94   0x00000a94   0x00000048   Code   RO         1962    .text               fz_ps.l(dfixui.o)
    0x00000adc   0x00000adc   0x00000058   Code   RO         1964    .text               fz_ps.l(dflti.o)
    0x00000b34   0x00000b34   0x00000248   Code   RO         1968    .text               fz_ps.l(dmul.o)
    0x00000d7c   0x00000d7c   0x00000054   Code   RO         1972    .text               fz_ps.l(f2d.o)
    0x00000dd0   0x00000dd0   0x00000160   Code   RO         1980    .text               fz_ps.l(fdiv.o)
    0x00000f30   0x00000f30   0x00000030   Code   RO         1983    .text               fz_ps.l(ffixui.o)
    0x00000f60   0x00000f60   0x0000005e   Code   RO         1985    .text               fz_ps.l(fflti.o)
    0x00000fbe   0x00000fbe   0x00000016   Code   RO         2004    .text               c_p.l(_rserrno.o)
    0x00000fd4   0x00000fd4   0x00000090   Code   RO         2006    .text               fz_ps.l(dcmpin.o)
    0x00001064   0x00001064   0x00000060   Code   RO         2008    .text               fz_ps.l(dscalbn.o)
    0x000010c4   0x000010c4   0x00000008   Code   RO         2058    .text               c_p.l(rt_errno_addr_intlibspace.o)
    0x000010cc   0x000010cc   0x0000002e   Code   RO         2060    .text               fz_ps.l(cmpret.o)
    0x000010fa   0x000010fa   0x00000002   PAD
    0x000010fc   0x000010fc   0x00000014   Code   RO         2062    .text               fz_ps.l(dnan2.o)
    0x00001110   0x00001110   0x00000100   Code   RO         2064    .text               fz_ps.l(dsqrt.o)
    0x00001210   0x00001210   0x00000008   Code   RO         2066    .text               c_p.l(libspace.o)
    0x00001218   0x00001218   0x0000003e   Code   RO         2069    .text               c_p.l(sys_stackheap_outer.o)
    0x00001256   0x00001256   0x00000010   Code   RO         2072    .text               c_p.l(exit.o)
    0x00001266   0x00001266   0x0000005e   Code   RO         2084    .text               fz_ps.l(retnan.o)
    0x000012c4   0x000012c4   0x0000000c   Code   RO         2140    .text               c_p.l(sys_exit.o)
    0x000012d0   0x000012d0   0x00000002   Code   RO         2159    .text               c_p.l(use_no_semi.o)
    0x000012d2   0x000012d2   0x00000000   Code   RO         2161    .text               c_p.l(indicate_semi.o)
    0x000012d2   0x000012d2   0x00000002   PAD
    0x000012d4   0x000012d4   0x00000230   Code   RO          514    i.ADC_Calibration   adc_api.o
    0x00001504   0x00001504   0x00000040   Code   RO          515    i.ADC_Close         adc_api.o
    0x00001544   0x00001544   0x0000005c   Code   RO          516    i.ADC_Open          adc_api.o
    0x000015a0   0x000015a0   0x0000003e   Code   RO          626    i.CheckCrc8         fm33lf0_iic.o
    0x000015de   0x000015de   0x00000002   PAD
    0x000015e0   0x000015e0   0x00000030   Code   RO          330    i.CheckSystemTickTimer  fm33lf0_timer.o
    0x00001610   0x00001610   0x00000026   Code   RO          277    i.ClearSRAM         fm33lf0_system.o
    0x00001636   0x00001636   0x00000002   PAD
    0x00001638   0x00001638   0x0000005c   Code   RO          627    i.CloseIIC          fm33lf0_iic.o
    0x00001694   0x00001694   0x0000005c   Code   RO          331    i.CloseLpTimer      fm33lf0_timer.o
    0x000016f0   0x000016f0   0x00000040   Code   RO          332    i.ClosePWM          fm33lf0_timer.o
    0x00001730   0x00001730   0x000000a8   Code   RO          446    i.Day_TimerPrco     window_api.o
    0x000017d8   0x000017d8   0x000002b4   Code   RO          447    i.Debug_Mode        window_api.o
    0x00001a8c   0x00001a8c   0x00000118   Code   RO          677    i.FaultAlarmProc    alarm_api.o
    0x00001ba4   0x00001ba4   0x0000024c   Code   RO          721    i.FlashFunctionPrco  flash.o
    0x00001df0   0x00001df0   0x00000038   Code   RO          399    i.GPIO_IRQHandler   keyboard_api.o
    0x00001e28   0x00001e28   0x000000bc   Code   RO          279    i.KEY_GPIO          fm33lf0_system.o
    0x00001ee4   0x00001ee4   0x000005d0   Code   RO          580    i.LCDDisplay        lcd_api.o
    0x000024b4   0x000024b4   0x00000158   Code   RO          581    i.LCDDisplay_Char   lcd_api.o
    0x0000260c   0x0000260c   0x00000214   Code   RO          776    i.LED_Calibration   calibrate_led.o
    0x00002820   0x00002820   0x00000070   Code   RO          448    i.LPTIM16_IRQHandler  window_api.o
    0x00002890   0x00002890   0x000000e8   Code   RO          494    i.Message_Process   message_process.o
    0x00002978   0x00002978   0x000000a4   Code   RO          678    i.OpenAlarmProc     alarm_api.o
    0x00002a1c   0x00002a1c   0x000000a4   Code   RO          628    i.OpenIIC           fm33lf0_iic.o
    0x00002ac0   0x00002ac0   0x00000054   Code   RO          582    i.OpenLCD           lcd_api.o
    0x00002b14   0x00002b14   0x000000a0   Code   RO          334    i.OpenLpTimer       fm33lf0_timer.o
    0x00002bb4   0x00002bb4   0x000000a8   Code   RO          335    i.OpenPWM           fm33lf0_timer.o
    0x00002c5c   0x00002c5c   0x000000b4   Code   RO          679    i.OpenTestAlarm     alarm_api.o
    0x00002d10   0x00002d10   0x00000104   Code   RO          680    i.OpenWarningProc   alarm_api.o
    0x00002e14   0x00002e14   0x00000178   Code   RO          750    i.PpmCountProc      ppm_processing.o
    0x00002f8c   0x00002f8c   0x000004e8   Code   RO          517    i.RunADC_GatherProc  adc_api.o
    0x00003474   0x00003474   0x00000450   Code   RO          629    i.RunAHT21Proc      fm33lf0_iic.o
    0x000038c4   0x000038c4   0x00000070   Code   RO          518    i.RunEle_DischargeProc  adc_api.o
    0x00003934   0x00003934   0x0000028c   Code   RO          630    i.RunIICServerProc  fm33lf0_iic.o
    0x00003bc0   0x00003bc0   0x000000a8   Code   RO          280    i.SYS_CLOCK_Init    fm33lf0_system.o
    0x00003c68   0x00003c68   0x000000a8   Code   RO          281    i.SYS_GPIO_Init     fm33lf0_system.o
    0x00003d10   0x00003d10   0x00000090   Code   RO          400    i.ScanTestKeyProcess  keyboard_api.o
    0x00003da0   0x00003da0   0x00000028   Code   RO          336    i.SetSystemTickTimer  fm33lf0_timer.o
    0x00003dc8   0x00003dc8   0x00000114   Code   RO          449    i.SysPowerOn        window_api.o
    0x00003edc   0x00003edc   0x0000001c   Code   RO          401    i.TestKeyDownEvent  keyboard_api.o
    0x00003ef8   0x00003ef8   0x000000c8   Code   RO          402    i.TestKeyUpEvent    keyboard_api.o
    0x00003fc0   0x00003fc0   0x0000001c   Code   RO           33    i.__ARM_common_switch8  system_fm33lf0xx.o
    0x00003fdc   0x00003fdc   0x0000002c   Code   RO         2025    i.__ARM_fpclassify  m_ps.l(fpclassify.o)
    0x00004008   0x00004008   0x000000ac   Code   RO         2027    i.__kernel_poly     m_ps.l(poly.o)
    0x000040b4   0x000040b4   0x00000014   Code   RO         2011    i.__mathlib_dbl_divzero  m_ps.l(dunder.o)
    0x000040c8   0x000040c8   0x00000008   Code   RO         2013    i.__mathlib_dbl_infnan2  m_ps.l(dunder.o)
    0x000040d0   0x000040d0   0x00000010   Code   RO         2014    i.__mathlib_dbl_invalid  m_ps.l(dunder.o)
    0x000040e0   0x000040e0   0x00000014   Code   RO         2015    i.__mathlib_dbl_overflow  m_ps.l(dunder.o)
    0x000040f4   0x000040f4   0x00000014   Code   RO         2017    i.__mathlib_dbl_underflow  m_ps.l(dunder.o)
    0x00004108   0x00004108   0x000002a8   Code   RO           67    i.main              main.o
    0x000043b0   0x000043b0   0x000009fc   Code   RO         1990    i.pow               m_ps.l(pow.o)
    0x00004dac   0x00004dac   0x00000048   Code   RO         2031    i.sqrt              m_ps.l(sqrt.o)
    0x00004df4   0x00004df4   0x00000064   Code   RO         1966    x$fpl$dleqf         fz_ps.l(dlef.o)
    0x00004e58   0x00004e58   0x00000068   Code   RO         1970    x$fpl$drleqf        fz_ps.l(drlef.o)
    0x00004ec0   0x00004ec0   0x0000008c   Code   RO         1974    x$fpl$fadd          fz_ps.l(faddsub.o)
    0x00004f4c   0x00004f4c   0x000000b0   Code   RO         1987    x$fpl$fmul          fz_ps.l(fmul.o)
    0x00004ffc   0x00004ffc   0x000000d0   Code   RO         1976    x$fpl$fsub          fz_ps.l(faddsub.o)
    0x000050cc   0x000050cc   0x00000000   Code   RO         2010    x$fpl$usenofp       fz_ps.l(usenofp.o)
    0x000050cc   0x000050cc   0x00000050   Data   RO          584    .constdata          lcd_api.o
    0x0000511c   0x0000511c   0x00000080   Data   RO         1960    .constdata          fz_ps.l(ddiv.o)
    0x0000519c   0x0000519c   0x00000040   Data   RO         1981    .constdata          fz_ps.l(fdiv.o)
    0x000051dc   0x000051dc   0x00000004   PAD
    0x000051e0   0x000051e0   0x00000088   Data   RO         1991    .constdata          m_ps.l(pow.o)
    0x00005268   0x00005268   0x00000008   Data   RO         2029    .constdata          m_ps.l(qnan.o)
    0x00005270   0x00005270   0x00000020   Data   RO         2213    Region$$Table       anon$$obj.o


    Execution Region RW_IRAM1 (Exec base: 0x20000000, Load base: 0x00005290, Size: 0x000011b0, Max: 0x00002000, ABSOLUTE)

    Exec Addr    Load Addr    Size         Type   Attr      Idx    E Section Name        Object

    0x20000000   0x00005290   0x00000002   Data   RW          403    .data               keyboard_api.o
    0x20000002   0x00005292   0x0000000a   Data   RW          451    .data               window_api.o
    0x2000000c   0x0000529c   0x00000003   Data   RW          585    .data               lcd_api.o
    0x2000000f   0x0000529f   0x00000003   Data   RW          632    .data               fm33lf0_iic.o
    0x20000012   0x000052a2   0x0000000b   Data   RW          681    .data               alarm_api.o
    0x2000001d   0x000052ad   0x00000002   Data   RW          777    .data               calibrate_led.o
    0x2000001f   0x000052af   0x00000001   PAD
    0x20000020        -       0x00000034   Zero   RW          337    .bss                fm33lf0_timer.o
    0x20000054        -       0x00000034   Zero   RW          450    .bss                window_api.o
    0x20000088        -       0x00000022   Zero   RW          519    .bss                adc_api.o
    0x200000aa   0x000052af   0x00000002   PAD
    0x200000ac        -       0x0000003c   Zero   RW          583    .bss                lcd_api.o
    0x200000e8        -       0x00000030   Zero   RW          631    .bss                fm33lf0_iic.o
    0x20000118        -       0x0000000f   Zero   RW          722    .bss                flash.o
    0x20000127   0x000052af   0x00000001   PAD
    0x20000128        -       0x00000024   Zero   RW          751    .bss                ppm_processing.o
    0x2000014c        -       0x00000060   Zero   RW         2067    .bss                c_p.l(libspace.o)
    0x200001ac   0x000052af   0x00000004   PAD
    0x200001b0        -       0x00000800   Zero   RW           59    HEAP                startup_fm33lf0xx.o
    0x200009b0        -       0x00000800   Zero   RW           58    STACK               startup_fm33lf0xx.o


==============================================================================

Image component sizes


      Code (inc. data)   RO Data    RW Data    ZI Data      Debug   Object Name

      2084        192          0          0         34      29149   adc_api.o
       884        100          0         11          0       2918   alarm_api.o
       532         16          0          2          0       1223   calibrate_led.o
       588         48          0          0         15       2592   flash.o
      2074        142          0          3         48       4684   fm33lf0_iic.o
       562         78          0          0          0       2948   fm33lf0_system.o
       572         60          0          0         52      10959   fm33lf0_timer.o
       428         56          0          2          0      19089   keyboard_api.o
      1916        100         80          3         60       3301   lcd_api.o
       680         80          0          0          0       1795   main.o
       232         26          0          0          0        554   message_process.o
       376         16          0          0         36       1506   ppm_processing.o
        48         22        192          0       4096        604   startup_fm33lf0xx.o
        28          0          0          0          0      18252   system_fm33lf0xx.o
      1248        108          0         10         52      16650   window_api.o

    ----------------------------------------------------------------------
     12256       1044        304         32       4396     116224   Object Totals
         0          0         32          0          0          0   (incl. Generated)
         4          0          0          1          3          0   (incl. Padding)

    ----------------------------------------------------------------------

      Code (inc. data)   RO Data    RW Data    ZI Data      Debug   Library Member Name

         8          0          0          0          0         68   __main.o
         0          0          0          0          0          0   __rtentry.o
        12          0          0          0          0          0   __rtentry2.o
         6          0          0          0          0          0   __rtentry4.o
        60          8          0          0          0          0   __scatter.o
        26          0          0          0          0          0   __scatter_copy.o
        28          0          0          0          0          0   __scatter_zi.o
        22          0          0          0          0         92   _rserrno.o
       346          0          0          0          0         92   aeabi_sdiv.o
        16          0          0          0          0         68   exit.o
         6          0          0          0          0        136   heapauxi.o
         0          0          0          0          0          0   indicate_semi.o
         2          0          0          0          0          0   libinit.o
         2          0          0          0          0          0   libinit2.o
         2          0          0          0          0          0   libshutdown.o
         2          0          0          0          0          0   libshutdown2.o
         8          4          0          0         96         68   libspace.o
         8          4          0          0          0         68   rt_errno_addr_intlibspace.o
         2          0          0          0          0          0   rtexit.o
        10          0          0          0          0          0   rtexit2.o
        12          4          0          0          0         60   sys_exit.o
        62          0          0          0          0         80   sys_stackheap_outer.o
         2          0          0          0          0         68   use_no_semi.o
        46          0          0          0          0         60   cmpret.o
       856         20          0          0          0        208   daddsub.o
       144          4          0          0          0         76   dcmpin.o
      1096         26        128          0          0        112   ddiv.o
        72          4          0          0          0         68   dfixui.o
        88          0          0          0          0         92   dflti.o
       100          4          0          0          0         92   dlef.o
       584         26          0          0          0         84   dmul.o
        20          6          0          0          0         68   dnan2.o
       104          4          0          0          0        104   drlef.o
        96         12          0          0          0         72   dscalbn.o
       256          8          0          0          0         76   dsqrt.o
        84          4          0          0          0         60   f2d.o
       348          8          0          0          0        160   faddsub.o
       352         10         64          0          0         92   fdiv.o
        48          0          0          0          0         60   ffixui.o
        94          0          0          0          0         92   fflti.o
       176          4          0          0          0         80   fmul.o
        94          0          0          0          0         68   retnan.o
         0          0          0          0          0          0   usenofp.o
        84         14          0          0          0        340   dunder.o
        44          4          0          0          0         60   fpclassify.o
       172          0          0          0          0         76   poly.o
      2556        196        136          0          0        240   pow.o
         0          0          8          0          0          0   qnan.o
        72          6          0          0          0         76   sqrt.o

    ----------------------------------------------------------------------
      8236        380        340          0        100       3316   Library Totals
         8          0          4          0          4          0   (incl. Padding)

    ----------------------------------------------------------------------

      Code (inc. data)   RO Data    RW Data    ZI Data      Debug   Library Name

       642         20          0          0         96        800   c_p.l
      4658        140        192          0          0       1724   fz_ps.l
      2928        220        144          0          0        792   m_ps.l

    ----------------------------------------------------------------------
      8236        380        340          0        100       3316   Library Totals

    ----------------------------------------------------------------------

==============================================================================


      Code (inc. data)   RO Data    RW Data    ZI Data      Debug   

     20492       1424        644         32       4496     116268   Grand Totals
     20492       1424        644         32       4496     116268   ELF Image Totals
     20492       1424        644         32          0          0   ROM Totals

==============================================================================

    Total RO  Size (Code + RO Data)                21136 (  20.64kB)
    Total RW  Size (RW Data + ZI Data)              4528 (   4.42kB)
    Total ROM Size (Code + RO Data + RW Data)      21168 (  20.67kB)

==============================================================================

